00400000-00401000 r-xp 00000000 ca:00 223840                             /usr/local/rvm/rubies/ruby-2.1.0/bin/ruby
Size:                  4 kB
Rss:                   4 kB
Pss:                   0 kB
Shared_Clean:          4 kB
Shared_Dirty:          0 kB
Private_Clean:         0 kB
Private_Dirty:         0 kB
Referenced:            4 kB
Anonymous:             0 kB
AnonHugePages:         0 kB
Swap:                  0 kB
KernelPageSize:        4 kB
MMUPageSize:           4 kB
Locked:                0 kB
VmFlags: rd ex mr mw me dw 
00600000-00601000 rw-p 00000000 ca:00 223840                             /usr/local/rvm/rubies/ruby-2.1.0/bin/ruby
Size:                  4 kB
Rss:                   4 kB
Pss:                   0 kB
Shared_Clean:          0 kB
Shared_Dirty:          4 kB
Private_Clean:         0 kB
Private_Dirty:         0 kB
Referenced:            4 kB
Anonymous:             4 kB
AnonHugePages:         0 kB
Swap:                  0 kB
KernelPageSize:        4 kB
MMUPageSize:           4 kB
Locked:                0 kB
VmFlags: rd wr mr mw me dw ac 
00f0b000-0856b000 rw-p 00000000 00:00 0                                  [heap]
Size:             121216 kB
Rss:              121060 kB
Pss:               74129 kB
Shared_Clean:          0 kB
Shared_Dirty:      52700 kB
Private_Clean:         0 kB
Private_Dirty:     68360 kB
Referenced:       121060 kB
Anonymous:        121060 kB
AnonHugePages:         0 kB
Swap:                  0 kB
KernelPageSize:        4 kB
MMUPageSize:           4 kB
Locked:                0 kB
VmFlags: rd wr mr mw me ac 
7fee8dd8a000-7fee8dd90000 r-xp 00000000 ca:00 362334                     /usr/local/rvm/gems/ruby-2.1.0/extensions/x86_64-linux/2.1.0/bcrypt-3.1.7/bcrypt_ext.so
Size:                 24 kB
Rss:                  16 kB
Pss:                   4 kB
Shared_Clean:         16 kB
Shared_Dirty:          0 kB
Private_Clean:         0 kB
Private_Dirty:         0 kB
Referenced:           16 kB
Anonymous:             0 kB
AnonHugePages:         0 kB
Swap:                  0 kB
KernelPageSize:        4 kB
MMUPageSize:           4 kB
Locked:                0 kB
VmFlags: rd ex mr mw me 
7fee8dd90000-7fee8df90000 ---p 00006000 ca:00 362334                     /usr/local/rvm/gems/ruby-2.1.0/extensions/x86_64-linux/2.1.0/bcrypt-3.1.7/bcrypt_ext.so
Size:               2048 kB
Rss:                   0 kB
Pss:                   0 kB
Shared_Clean:          0 kB
Shared_Dirty:          0 kB
Private_Clean:         0 kB
Private_Dirty:         0 kB
Referenced:            0 kB
Anonymous:             0 kB
AnonHugePages:         0 kB
Swap:                  0 kB
KernelPageSize:        4 kB
MMUPageSize:           4 kB
Locked:                0 kB
VmFlags: mr mw me 
7fee8df90000-7fee8df91000 rw-p 00006000 ca:00 362334                     /usr/local/rvm/gems/ruby-2.1.0/extensions/x86_64-linux/2.1.0/bcrypt-3.1.7/bcrypt_ext.so
Size:                  4 kB
Rss:                   4 kB
Pss:                   0 kB
Shared_Clean:          0 kB
Shared_Dirty:          4 kB
Private_Clean:         0 kB
Private_Dirty:         0 kB
Referenced:            4 kB
Anonymous:             4 kB
AnonHugePages:         0 kB
Swap:                  0 kB
KernelPageSize:        4 kB
MMUPageSize:           4 kB
Locked:                0 kB
VmFlags: rd wr mr mw me ac 
7fee8df91000-7fee8df92000 r-xp 00000000 ca:00 251682                     /usr/local/rvm/rubies/ruby-2.1.0/lib/ruby/2.1.0/x86_64-linux/fiber.so
Size:                  4 kB
Rss:                   4 kB
Pss:                   0 kB
Shared_Clean:          4 kB
Shared_Dirty:          0 kB
Private_Clean:         0 kB
Private_Dirty:         0 kB
Referenced:            4 kB
Anonymous:             0 kB
AnonHugePages:         0 kB
Swap:                  0 kB
KernelPageSize:        4 kB
MMUPageSize:           4 kB
Locked:                0 kB
VmFlags: rd ex mr mw me 
7fee8df92000-7fee8e191000 ---p 00001000 ca:00 251682                     /usr/local/rvm/rubies/ruby-2.1.0/lib/ruby/2.1.0/x86_64-linux/fiber.so
Size:               2044 kB
Rss:                   0 kB
Pss:                   0 kB
Shared_Clean:          0 kB
Shared_Dirty:          0 kB
Private_Clean:         0 kB
Private_Dirty:         0 kB
Referenced:            0 kB
Anonymous:             0 kB
AnonHugePages:         0 kB
Swap:                  0 kB
KernelPageSize:        4 kB
MMUPageSize:           4 kB
Locked:                0 kB
VmFlags: mr mw me 
7fee8e191000-7fee8e192000 rw-p 00000000 ca:00 251682                     /usr/local/rvm/rubies/ruby-2.1.0/lib/ruby/2.1.0/x86_64-linux/fiber.so
Size:                  4 kB
Rss:                   4 kB
Pss:                   0 kB
Shared_Clean:          0 kB
Shared_Dirty:          4 kB
Private_Clean:         0 kB
Private_Dirty:         0 kB
Referenced:            4 kB
Anonymous:             4 kB
AnonHugePages:         0 kB
Swap:                  0 kB
KernelPageSize:        4 kB
MMUPageSize:           4 kB
Locked:                0 kB
VmFlags: rd wr mr mw me ac 
7fee8e192000-7fee8e193000 ---p 00000000 00:00 0 
Size:                  4 kB
Rss:                   0 kB
Pss:                   0 kB
Shared_Clean:          0 kB
Shared_Dirty:          0 kB
Private_Clean:         0 kB
Private_Dirty:         0 kB
Referenced:            0 kB
Anonymous:             0 kB
AnonHugePages:         0 kB
Swap:                  0 kB
KernelPageSize:        4 kB
MMUPageSize:           4 kB
Locked:                0 kB
VmFlags: mr mw me ac 
7fee8e193000-7fee8e394000 rw-p 00000000 00:00 0                          [stack:1415]
Size:               2052 kB
Rss:                  24 kB
Pss:                  20 kB
Shared_Clean:          0 kB
Shared_Dirty:          4 kB
Private_Clean:         0 kB
Private_Dirty:        20 kB
Referenced:           24 kB
Anonymous:            24 kB
AnonHugePages:         0 kB
Swap:                  0 kB
KernelPageSize:        4 kB
MMUPageSize:           4 kB
Locked:                0 kB
VmFlags: rd wr mr mw me ac 
7fee8e394000-7fee8e39f000 r-xp 00000000 ca:00 2756788                    /lib/x86_64-linux-gnu/libnss_files-2.13.so
Size:                 44 kB
Rss:                  20 kB
Pss:                   1 kB
Shared_Clean:         20 kB
Shared_Dirty:          0 kB
Private_Clean:         0 kB
Private_Dirty:         0 kB
Referenced:           20 kB
Anonymous:             0 kB
AnonHugePages:         0 kB
Swap:                  0 kB
KernelPageSize:        4 kB
MMUPageSize:           4 kB
Locked:                0 kB
VmFlags: rd ex mr mw me 
7fee8e39f000-7fee8e59e000 ---p 0000b000 ca:00 2756788                    /lib/x86_64-linux-gnu/libnss_files-2.13.so
Size:               2044 kB
Rss:                   0 kB
Pss:                   0 kB
Shared_Clean:          0 kB
Shared_Dirty:          0 kB
Private_Clean:         0 kB
Private_Dirty:         0 kB
Referenced:            0 kB
Anonymous:             0 kB
AnonHugePages:         0 kB
Swap:                  0 kB
KernelPageSize:        4 kB
MMUPageSize:           4 kB
Locked:                0 kB
VmFlags: mr mw me 
7fee8e59e000-7fee8e59f000 r--p 0000a000 ca:00 2756788                    /lib/x86_64-linux-gnu/libnss_files-2.13.so
Size:                  4 kB
Rss:                   4 kB
Pss:                   0 kB
Shared_Clean:          0 kB
Shared_Dirty:          4 kB
Private_Clean:         0 kB
Private_Dirty:         0 kB
Referenced:            4 kB
Anonymous:             4 kB
AnonHugePages:         0 kB
Swap:                  0 kB
KernelPageSize:        4 kB
MMUPageSize:           4 kB
Locked:                0 kB
VmFlags: rd mr mw me ac 
7fee8e59f000-7fee8e5a0000 rw-p 0000b000 ca:00 2756788                    /lib/x86_64-linux-gnu/libnss_files-2.13.so
Size:                  4 kB
Rss:                   4 kB
Pss:                   4 kB
Shared_Clean:          0 kB
Shared_Dirty:          0 kB
Private_Clean:         0 kB
Private_Dirty:         4 kB
Referenced:            4 kB
Anonymous:             4 kB
AnonHugePages:         0 kB
Swap:                  0 kB
KernelPageSize:        4 kB
MMUPageSize:           4 kB
Locked:                0 kB
VmFlags: rd wr mr mw me ac 
7fee8e5a0000-7fee8e5a1000 ---p 00000000 00:00 0 
Size:                  4 kB
Rss:                   0 kB
Pss:                   0 kB
Shared_Clean:          0 kB
Shared_Dirty:          0 kB
Private_Clean:         0 kB
Private_Dirty:         0 kB
Referenced:            0 kB
Anonymous:             0 kB
AnonHugePages:         0 kB
Swap:                  0 kB
KernelPageSize:        4 kB
MMUPageSize:           4 kB
Locked:                0 kB
VmFlags: mr mw me ac 
7fee8e5a1000-7fee8eda1000 rw-p 00000000 00:00 0 
Size:               8192 kB
Rss:                   8 kB
Pss:                   4 kB
Shared_Clean:          0 kB
Shared_Dirty:          4 kB
Private_Clean:         0 kB
Private_Dirty:         4 kB
Referenced:            8 kB
Anonymous:             8 kB
AnonHugePages:         0 kB
Swap:                  0 kB
KernelPageSize:        4 kB
MMUPageSize:           4 kB
Locked:                0 kB
VmFlags: rd wr mr mw me ac 
7fee8eda1000-7fee8edac000 r-xp 00000000 ca:00 305976                     /usr/local/rvm/gems/ruby-2.1.0/extensions/x86_64-linux/2.1.0/yajl-ruby-1.2.0/yajl/yajl.so
Size:                 44 kB
Rss:                  32 kB
Pss:                   2 kB
Shared_Clean:         32 kB
Shared_Dirty:          0 kB
Private_Clean:         0 kB
Private_Dirty:         0 kB
Referenced:           32 kB
Anonymous:             0 kB
AnonHugePages:         0 kB
Swap:                  0 kB
KernelPageSize:        4 kB
MMUPageSize:           4 kB
Locked:                0 kB
VmFlags: rd ex mr mw me 
7fee8edac000-7fee8efac000 ---p 0000b000 ca:00 305976                     /usr/local/rvm/gems/ruby-2.1.0/extensions/x86_64-linux/2.1.0/yajl-ruby-1.2.0/yajl/yajl.so
Size:               2048 kB
Rss:                   0 kB
Pss:                   0 kB
Shared_Clean:          0 kB
Shared_Dirty:          0 kB
Private_Clean:         0 kB
Private_Dirty:         0 kB
Referenced:            0 kB
Anonymous:             0 kB
AnonHugePages:         0 kB
Swap:                  0 kB
KernelPageSize:        4 kB
MMUPageSize:           4 kB
Locked:                0 kB
VmFlags: mr mw me 
7fee8efac000-7fee8efad000 rw-p 0000b000 ca:00 305976                     /usr/local/rvm/gems/ruby-2.1.0/extensions/x86_64-linux/2.1.0/yajl-ruby-1.2.0/yajl/yajl.so
Size:                  4 kB
Rss:                   4 kB
Pss:                   4 kB
Shared_Clean:          0 kB
Shared_Dirty:          0 kB
Private_Clean:         0 kB
Private_Dirty:         4 kB
Referenced:            4 kB
Anonymous:             4 kB
AnonHugePages:         0 kB
Swap:                  0 kB
KernelPageSize:        4 kB
MMUPageSize:           4 kB
Locked:                0 kB
VmFlags: rd wr mr mw me ac 
7fee8efad000-7fee8efc1000 r-xp 00000000 ca:00 333845                     /usr/local/rvm/gems/ruby-2.1.0/extensions/x86_64-linux/2.1.0/redcarpet-3.1.1/redcarpet.so
Size:                 80 kB
Rss:                  28 kB
Pss:                  12 kB
Shared_Clean:         28 kB
Shared_Dirty:          0 kB
Private_Clean:         0 kB
Private_Dirty:         0 kB
Referenced:           28 kB
Anonymous:             0 kB
AnonHugePages:         0 kB
Swap:                  0 kB
KernelPageSize:        4 kB
MMUPageSize:           4 kB
Locked:                0 kB
VmFlags: rd ex mr mw me 
7fee8efc1000-7fee8f1c1000 ---p 00014000 ca:00 333845                     /usr/local/rvm/gems/ruby-2.1.0/extensions/x86_64-linux/2.1.0/redcarpet-3.1.1/redcarpet.so
Size:               2048 kB
Rss:                   0 kB
Pss:                   0 kB
Shared_Clean:          0 kB
Shared_Dirty:          0 kB
Private_Clean:         0 kB
Private_Dirty:         0 kB
Referenced:            0 kB
Anonymous:             0 kB
AnonHugePages:         0 kB
Swap:                  0 kB
KernelPageSize:        4 kB
MMUPageSize:           4 kB
Locked:                0 kB
VmFlags: mr mw me 
7fee8f1c1000-7fee8f1c2000 rw-p 00014000 ca:00 333845                     /usr/local/rvm/gems/ruby-2.1.0/extensions/x86_64-linux/2.1.0/redcarpet-3.1.1/redcarpet.so
Size:                  4 kB
Rss:                   4 kB
Pss:                   0 kB
Shared_Clean:          0 kB
Shared_Dirty:          4 kB
Private_Clean:         0 kB
Private_Dirty:         0 kB
Referenced:            4 kB
Anonymous:             4 kB
AnonHugePages:         0 kB
Swap:                  0 kB
KernelPageSize:        4 kB
MMUPageSize:           4 kB
Locked:                0 kB
VmFlags: rd wr mr mw me ac 
7fee8f1c2000-7fee8f1c5000 r-xp 00000000 ca:00 292895                     /usr/local/rvm/gems/ruby-2.1.0/extensions/x86_64-linux/2.1.0/posix-spawn-0.3.8/posix_spawn_ext.so
Size:                 12 kB
Rss:                  12 kB
Pss:                   4 kB
Shared_Clean:         12 kB
Shared_Dirty:          0 kB
Private_Clean:         0 kB
Private_Dirty:         0 kB
Referenced:           12 kB
Anonymous:             0 kB
AnonHugePages:         0 kB
Swap:                  0 kB
KernelPageSize:        4 kB
MMUPageSize:           4 kB
Locked:                0 kB
VmFlags: rd ex mr mw me 
7fee8f1c5000-7fee8f3c4000 ---p 00003000 ca:00 292895                     /usr/local/rvm/gems/ruby-2.1.0/extensions/x86_64-linux/2.1.0/posix-spawn-0.3.8/posix_spawn_ext.so
Size:               2044 kB
Rss:                   0 kB
Pss:                   0 kB
Shared_Clean:          0 kB
Shared_Dirty:          0 kB
Private_Clean:         0 kB
Private_Dirty:         0 kB
Referenced:            0 kB
Anonymous:             0 kB
AnonHugePages:         0 kB
Swap:                  0 kB
KernelPageSize:        4 kB
MMUPageSize:           4 kB
Locked:                0 kB
VmFlags: mr mw me 
7fee8f3c4000-7fee8f3c5000 rw-p 00002000 ca:00 292895                     /usr/local/rvm/gems/ruby-2.1.0/extensions/x86_64-linux/2.1.0/posix-spawn-0.3.8/posix_spawn_ext.so
Size:                  4 kB
Rss:                   4 kB
Pss:                   0 kB
Shared_Clean:          0 kB
Shared_Dirty:          4 kB
Private_Clean:         0 kB
Private_Dirty:         0 kB
Referenced:            4 kB
Anonymous:             4 kB
AnonHugePages:         0 kB
Swap:                  0 kB
KernelPageSize:        4 kB
MMUPageSize:           4 kB
Locked:                0 kB
VmFlags: rd wr mr mw me ac 
7fee8f3c5000-7fee8f684000 r-xp 00000000 ca:00 2084                       /usr/lib/x86_64-linux-gnu/libmysqlclient.so.18.0.0
Size:               2812 kB
Rss:                 372 kB
Pss:                 129 kB
Shared_Clean:        372 kB
Shared_Dirty:          0 kB
Private_Clean:         0 kB
Private_Dirty:         0 kB
Referenced:          372 kB
Anonymous:             0 kB
AnonHugePages:         0 kB
Swap:                  0 kB
KernelPageSize:        4 kB
MMUPageSize:           4 kB
Locked:                0 kB
VmFlags: rd ex mr mw me 
7fee8f684000-7fee8f883000 ---p 002bf000 ca:00 2084                       /usr/lib/x86_64-linux-gnu/libmysqlclient.so.18.0.0
Size:               2044 kB
Rss:                   0 kB
Pss:                   0 kB
Shared_Clean:          0 kB
Shared_Dirty:          0 kB
Private_Clean:         0 kB
Private_Dirty:         0 kB
Referenced:            0 kB
Anonymous:             0 kB
AnonHugePages:         0 kB
Swap:                  0 kB
KernelPageSize:        4 kB
MMUPageSize:           4 kB
Locked:                0 kB
VmFlags: mr mw me 
7fee8f883000-7fee8f889000 r--p 002be000 ca:00 2084                       /usr/lib/x86_64-linux-gnu/libmysqlclient.so.18.0.0
Size:                 24 kB
Rss:                  24 kB
Pss:                   1 kB
Shared_Clean:          0 kB
Shared_Dirty:         24 kB
Private_Clean:         0 kB
Private_Dirty:         0 kB
Referenced:           24 kB
Anonymous:            24 kB
AnonHugePages:         0 kB
Swap:                  0 kB
KernelPageSize:        4 kB
MMUPageSize:           4 kB
Locked:                0 kB
VmFlags: rd mr mw me ac 
7fee8f889000-7fee8f907000 rw-p 002c4000 ca:00 2084                       /usr/lib/x86_64-linux-gnu/libmysqlclient.so.18.0.0
Size:                504 kB
Rss:                 240 kB
Pss:                  17 kB
Shared_Clean:        100 kB
Shared_Dirty:        140 kB
Private_Clean:         0 kB
Private_Dirty:         0 kB
Referenced:          240 kB
Anonymous:           140 kB
AnonHugePages:         0 kB
Swap:                  0 kB
KernelPageSize:        4 kB
MMUPageSize:           4 kB
Locked:                0 kB
VmFlags: rd wr mr mw me ac 
7fee8f907000-7fee8f90c000 rw-p 00000000 00:00 0 
Size:                 20 kB
Rss:                  20 kB
Pss:                   5 kB
Shared_Clean:          0 kB
Shared_Dirty:         16 kB
Private_Clean:         0 kB
Private_Dirty:         4 kB
Referenced:           20 kB
Anonymous:            20 kB
AnonHugePages:         0 kB
Swap:                  0 kB
KernelPageSize:        4 kB
MMUPageSize:           4 kB
Locked:                0 kB
VmFlags: rd wr mr mw me ac 
7fee8f90c000-7fee8f917000 r-xp 00000000 ca:00 313542                     /usr/local/rvm/gems/ruby-2.1.0/extensions/x86_64-linux/2.1.0/mysql2-0.3.15/mysql2/mysql2.so
Size:                 44 kB
Rss:                  44 kB
Pss:                   4 kB
Shared_Clean:         44 kB
Shared_Dirty:          0 kB
Private_Clean:         0 kB
Private_Dirty:         0 kB
Referenced:           44 kB
Anonymous:             0 kB
AnonHugePages:         0 kB
Swap:                  0 kB
KernelPageSize:        4 kB
MMUPageSize:           4 kB
Locked:                0 kB
VmFlags: rd ex mr mw me 
7fee8f917000-7fee8fb17000 ---p 0000b000 ca:00 313542                     /usr/local/rvm/gems/ruby-2.1.0/extensions/x86_64-linux/2.1.0/mysql2-0.3.15/mysql2/mysql2.so
Size:               2048 kB
Rss:                   0 kB
Pss:                   0 kB
Shared_Clean:          0 kB
Shared_Dirty:          0 kB
Private_Clean:         0 kB
Private_Dirty:         0 kB
Referenced:            0 kB
Anonymous:             0 kB
AnonHugePages:         0 kB
Swap:                  0 kB
KernelPageSize:        4 kB
MMUPageSize:           4 kB
Locked:                0 kB
VmFlags: mr mw me 
7fee8fb17000-7fee8fb19000 rw-p 0000b000 ca:00 313542                     /usr/local/rvm/gems/ruby-2.1.0/extensions/x86_64-linux/2.1.0/mysql2-0.3.15/mysql2/mysql2.so
Size:                  8 kB
Rss:                   8 kB
Pss:                   2 kB
Shared_Clean:          0 kB
Shared_Dirty:          8 kB
Private_Clean:         0 kB
Private_Dirty:         0 kB
Referenced:            8 kB
Anonymous:             8 kB
AnonHugePages:         0 kB
Swap:                  0 kB
KernelPageSize:        4 kB
MMUPageSize:           4 kB
Locked:                0 kB
VmFlags: rd wr mr mw me ac 
7fee8fb19000-7fee8fb1a000 r-xp 00000000 ca:00 251675                     /usr/local/rvm/rubies/ruby-2.1.0/lib/ruby/2.1.0/x86_64-linux/digest/md5.so
Size:                  4 kB
Rss:                   4 kB
Pss:                   0 kB
Shared_Clean:          4 kB
Shared_Dirty:          0 kB
Private_Clean:         0 kB
Private_Dirty:         0 kB
Referenced:            4 kB
Anonymous:             0 kB
AnonHugePages:         0 kB
Swap:                  0 kB
KernelPageSize:        4 kB
MMUPageSize:           4 kB
Locked:                0 kB
VmFlags: rd ex mr mw me 
7fee8fb1a000-7fee8fd19000 ---p 00001000 ca:00 251675                     /usr/local/rvm/rubies/ruby-2.1.0/lib/ruby/2.1.0/x86_64-linux/digest/md5.so
Size:               2044 kB
Rss:                   0 kB
Pss:                   0 kB
Shared_Clean:          0 kB
Shared_Dirty:          0 kB
Private_Clean:         0 kB
Private_Dirty:         0 kB
Referenced:            0 kB
Anonymous:             0 kB
AnonHugePages:         0 kB
Swap:                  0 kB
KernelPageSize:        4 kB
MMUPageSize:           4 kB
Locked:                0 kB
VmFlags: mr mw me 
7fee8fd19000-7fee8fd1a000 rw-p 00000000 ca:00 251675                     /usr/local/rvm/rubies/ruby-2.1.0/lib/ruby/2.1.0/x86_64-linux/digest/md5.so
Size:                  4 kB
Rss:                   4 kB
Pss:                   4 kB
Shared_Clean:          0 kB
Shared_Dirty:          0 kB
Private_Clean:         0 kB
Private_Dirty:         4 kB
Referenced:            4 kB
Anonymous:             4 kB
AnonHugePages:         0 kB
Swap:                  0 kB
KernelPageSize:        4 kB
MMUPageSize:           4 kB
Locked:                0 kB
VmFlags: rd wr mr mw me ac 
7fee8fd1a000-7fee8fd2f000 r-xp 00000000 ca:00 14350                      /lib/x86_64-linux-gnu/libgcc_s.so.1
Size:                 84 kB
Rss:                  44 kB
Pss:                  12 kB
Shared_Clean:         44 kB
Shared_Dirty:          0 kB
Private_Clean:         0 kB
Private_Dirty:         0 kB
Referenced:           44 kB
Anonymous:             0 kB
AnonHugePages:         0 kB
Swap:                  0 kB
KernelPageSize:        4 kB
MMUPageSize:           4 kB
Locked:                0 kB
VmFlags: rd ex mr mw me 
7fee8fd2f000-7fee8ff2f000 ---p 00015000 ca:00 14350                      /lib/x86_64-linux-gnu/libgcc_s.so.1
Size:               2048 kB
Rss:                   0 kB
Pss:                   0 kB
Shared_Clean:          0 kB
Shared_Dirty:          0 kB
Private_Clean:         0 kB
Private_Dirty:         0 kB
Referenced:            0 kB
Anonymous:             0 kB
AnonHugePages:         0 kB
Swap:                  0 kB
KernelPageSize:        4 kB
MMUPageSize:           4 kB
Locked:                0 kB
VmFlags: mr mw me 
7fee8ff2f000-7fee8ff30000 rw-p 00015000 ca:00 14350                      /lib/x86_64-linux-gnu/libgcc_s.so.1
Size:                  4 kB
Rss:                   4 kB
Pss:                   0 kB
Shared_Clean:          0 kB
Shared_Dirty:          4 kB
Private_Clean:         0 kB
Private_Dirty:         0 kB
Referenced:            4 kB
Anonymous:             4 kB
AnonHugePages:         0 kB
Swap:                  0 kB
KernelPageSize:        4 kB
MMUPageSize:           4 kB
Locked:                0 kB
VmFlags: rd wr mr mw me ac 
7fee8ff30000-7fee90018000 r-xp 00000000 ca:00 2375                       /usr/lib/x86_64-linux-gnu/libstdc++.so.6.0.17
Size:                928 kB
Rss:                 364 kB
Pss:                  96 kB
Shared_Clean:        364 kB
Shared_Dirty:          0 kB
Private_Clean:         0 kB
Private_Dirty:         0 kB
Referenced:          364 kB
Anonymous:             0 kB
AnonHugePages:         0 kB
Swap:                  0 kB
KernelPageSize:        4 kB
MMUPageSize:           4 kB
Locked:                0 kB
VmFlags: rd ex mr mw me 
7fee90018000-7fee90218000 ---p 000e8000 ca:00 2375                       /usr/lib/x86_64-linux-gnu/libstdc++.so.6.0.17
Size:               2048 kB
Rss:                   0 kB
Pss:                   0 kB
Shared_Clean:          0 kB
Shared_Dirty:          0 kB
Private_Clean:         0 kB
Private_Dirty:         0 kB
Referenced:            0 kB
Anonymous:             0 kB
AnonHugePages:         0 kB
Swap:                  0 kB
KernelPageSize:        4 kB
MMUPageSize:           4 kB
Locked:                0 kB
VmFlags: mr mw me 
7fee90218000-7fee90220000 r--p 000e8000 ca:00 2375                       /usr/lib/x86_64-linux-gnu/libstdc++.so.6.0.17
Size:                 32 kB
Rss:                  32 kB
Pss:                   2 kB
Shared_Clean:          0 kB
Shared_Dirty:         32 kB
Private_Clean:         0 kB
Private_Dirty:         0 kB
Referenced:           32 kB
Anonymous:            32 kB
AnonHugePages:         0 kB
Swap:                  0 kB
KernelPageSize:        4 kB
MMUPageSize:           4 kB
Locked:                0 kB
VmFlags: rd mr mw me ac 
7fee90220000-7fee90222000 rw-p 000f0000 ca:00 2375                       /usr/lib/x86_64-linux-gnu/libstdc++.so.6.0.17
Size:                  8 kB
Rss:                   8 kB
Pss:                   8 kB
Shared_Clean:          0 kB
Shared_Dirty:          0 kB
Private_Clean:         0 kB
Private_Dirty:         8 kB
Referenced:            8 kB
Anonymous:             8 kB
AnonHugePages:         0 kB
Swap:                  0 kB
KernelPageSize:        4 kB
MMUPageSize:           4 kB
Locked:                0 kB
VmFlags: rd wr mr mw me ac 
7fee90222000-7fee90237000 rw-p 00000000 00:00 0 
Size:                 84 kB
Rss:                  12 kB
Pss:                   0 kB
Shared_Clean:          0 kB
Shared_Dirty:         12 kB
Private_Clean:         0 kB
Private_Dirty:         0 kB
Referenced:           12 kB
Anonymous:            12 kB
AnonHugePages:         0 kB
Swap:                  0 kB
KernelPageSize:        4 kB
MMUPageSize:           4 kB
Locked:                0 kB
VmFlags: rd wr mr mw me ac 
7fee90237000-7fee90886000 r-xp 00000000 ca:00 333983                     /usr/local/rvm/gems/ruby-2.1.0/extensions/x86_64-linux/2.1.0/therubyracer-0.12.1/v8/init.so
Size:               6460 kB
Rss:                2184 kB
Pss:                 449 kB
Shared_Clean:       2184 kB
Shared_Dirty:          0 kB
Private_Clean:         0 kB
Private_Dirty:         0 kB
Referenced:         2184 kB
Anonymous:             0 kB
AnonHugePages:         0 kB
Swap:                  0 kB
KernelPageSize:        4 kB
MMUPageSize:           4 kB
Locked:                0 kB
VmFlags: rd ex mr mw me 
7fee90886000-7fee90a85000 ---p 0064f000 ca:00 333983                     /usr/local/rvm/gems/ruby-2.1.0/extensions/x86_64-linux/2.1.0/therubyracer-0.12.1/v8/init.so
Size:               2044 kB
Rss:                   0 kB
Pss:                   0 kB
Shared_Clean:          0 kB
Shared_Dirty:          0 kB
Private_Clean:         0 kB
Private_Dirty:         0 kB
Referenced:            0 kB
Anonymous:             0 kB
AnonHugePages:         0 kB
Swap:                  0 kB
KernelPageSize:        4 kB
MMUPageSize:           4 kB
Locked:                0 kB
VmFlags: mr mw me 
7fee90a85000-7fee90ac2000 rw-p 0064e000 ca:00 333983                     /usr/local/rvm/gems/ruby-2.1.0/extensions/x86_64-linux/2.1.0/therubyracer-0.12.1/v8/init.so
Size:                244 kB
Rss:                 244 kB
Pss:                  74 kB
Shared_Clean:          0 kB
Shared_Dirty:        184 kB
Private_Clean:         0 kB
Private_Dirty:        60 kB
Referenced:          244 kB
Anonymous:           244 kB
AnonHugePages:         0 kB
Swap:                  0 kB
KernelPageSize:        4 kB
MMUPageSize:           4 kB
Locked:                0 kB
VmFlags: rd wr mr mw me ac 
7fee90ac2000-7fee90ac5000 rw-p 00000000 00:00 0 
Size:                 12 kB
Rss:                   8 kB
Pss:                   8 kB
Shared_Clean:          0 kB
Shared_Dirty:          0 kB
Private_Clean:         0 kB
Private_Dirty:         8 kB
Referenced:            8 kB
Anonymous:             8 kB
AnonHugePages:         0 kB
Swap:                  0 kB
KernelPageSize:        4 kB
MMUPageSize:           4 kB
Locked:                0 kB
VmFlags: rd wr mr mw me ac 
7fee90ac5000-7fee90ac7000 r-xp 00000000 ca:00 251626                     /usr/local/rvm/rubies/ruby-2.1.0/lib/ruby/2.1.0/x86_64-linux/enc/iso_8859_1.so
Size:                  8 kB
Rss:                   4 kB
Pss:                   0 kB
Shared_Clean:          4 kB
Shared_Dirty:          0 kB
Private_Clean:         0 kB
Private_Dirty:         0 kB
Referenced:            4 kB
Anonymous:             0 kB
AnonHugePages:         0 kB
Swap:                  0 kB
KernelPageSize:        4 kB
MMUPageSize:           4 kB
Locked:                0 kB
VmFlags: rd ex mr mw me 
7fee90ac7000-7fee90cc6000 ---p 00002000 ca:00 251626                     /usr/local/rvm/rubies/ruby-2.1.0/lib/ruby/2.1.0/x86_64-linux/enc/iso_8859_1.so
Size:               2044 kB
Rss:                   0 kB
Pss:                   0 kB
Shared_Clean:          0 kB
Shared_Dirty:          0 kB
Private_Clean:         0 kB
Private_Dirty:         0 kB
Referenced:            0 kB
Anonymous:             0 kB
AnonHugePages:         0 kB
Swap:                  0 kB
KernelPageSize:        4 kB
MMUPageSize:           4 kB
Locked:                0 kB
VmFlags: mr mw me 
7fee90cc6000-7fee90cc7000 rw-p 00001000 ca:00 251626                     /usr/local/rvm/rubies/ruby-2.1.0/lib/ruby/2.1.0/x86_64-linux/enc/iso_8859_1.so
Size:                  4 kB
Rss:                   4 kB
Pss:                   0 kB
Shared_Clean:          0 kB
Shared_Dirty:          4 kB
Private_Clean:         0 kB
Private_Dirty:         0 kB
Referenced:            4 kB
Anonymous:             4 kB
AnonHugePages:         0 kB
Swap:                  0 kB
KernelPageSize:        4 kB
MMUPageSize:           4 kB
Locked:                0 kB
VmFlags: rd wr mr mw me ac 
7fee90cc7000-7fee90ccb000 r-xp 00000000 ca:00 256934                     /usr/local/rvm/rubies/ruby-2.1.0/lib/ruby/2.1.0/x86_64-linux/racc/cparse.so
Size:                 16 kB
Rss:                  16 kB
Pss:                   2 kB
Shared_Clean:         16 kB
Shared_Dirty:          0 kB
Private_Clean:         0 kB
Private_Dirty:         0 kB
Referenced:           16 kB
Anonymous:             0 kB
AnonHugePages:         0 kB
Swap:                  0 kB
KernelPageSize:        4 kB
MMUPageSize:           4 kB
Locked:                0 kB
VmFlags: rd ex mr mw me 
7fee90ccb000-7fee90eca000 ---p 00004000 ca:00 256934                     /usr/local/rvm/rubies/ruby-2.1.0/lib/ruby/2.1.0/x86_64-linux/racc/cparse.so
Size:               2044 kB
Rss:                   0 kB
Pss:                   0 kB
Shared_Clean:          0 kB
Shared_Dirty:          0 kB
Private_Clean:         0 kB
Private_Dirty:         0 kB
Referenced:            0 kB
Anonymous:             0 kB
AnonHugePages:         0 kB
Swap:                  0 kB
KernelPageSize:        4 kB
MMUPageSize:           4 kB
Locked:                0 kB
VmFlags: mr mw me 
7fee90eca000-7fee90ecb000 rw-p 00003000 ca:00 256934                     /usr/local/rvm/rubies/ruby-2.1.0/lib/ruby/2.1.0/x86_64-linux/racc/cparse.so
Size:                  4 kB
Rss:                   4 kB
Pss:                   0 kB
Shared_Clean:          0 kB
Shared_Dirty:          4 kB
Private_Clean:         0 kB
Private_Dirty:         0 kB
Referenced:            4 kB
Anonymous:             4 kB
AnonHugePages:         0 kB
Swap:                  0 kB
KernelPageSize:        4 kB
MMUPageSize:           4 kB
Locked:                0 kB
VmFlags: rd wr mr mw me ac 
7fee90ecb000-7fee90ece000 r-xp 00000000 ca:00 14246                      /lib/x86_64-linux-gnu/libgpg-error.so.0.8.0
Size:                 12 kB
Rss:                   4 kB
Pss:                   0 kB
Shared_Clean:          4 kB
Shared_Dirty:          0 kB
Private_Clean:         0 kB
Private_Dirty:         0 kB
Referenced:            4 kB
Anonymous:             0 kB
AnonHugePages:         0 kB
Swap:                  0 kB
KernelPageSize:        4 kB
MMUPageSize:           4 kB
Locked:                0 kB
VmFlags: rd ex mr mw me 
7fee90ece000-7fee910cd000 ---p 00003000 ca:00 14246                      /lib/x86_64-linux-gnu/libgpg-error.so.0.8.0
Size:               2044 kB
Rss:                   0 kB
Pss:                   0 kB
Shared_Clean:          0 kB
Shared_Dirty:          0 kB
Private_Clean:         0 kB
Private_Dirty:         0 kB
Referenced:            0 kB
Anonymous:             0 kB
AnonHugePages:         0 kB
Swap:                  0 kB
KernelPageSize:        4 kB
MMUPageSize:           4 kB
Locked:                0 kB
VmFlags: mr mw me 
7fee910cd000-7fee910ce000 rw-p 00002000 ca:00 14246                      /lib/x86_64-linux-gnu/libgpg-error.so.0.8.0
Size:                  4 kB
Rss:                   4 kB
Pss:                   0 kB
Shared_Clean:          0 kB
Shared_Dirty:          4 kB
Private_Clean:         0 kB
Private_Dirty:         0 kB
Referenced:            4 kB
Anonymous:             4 kB
AnonHugePages:         0 kB
Swap:                  0 kB
KernelPageSize:        4 kB
MMUPageSize:           4 kB
Locked:                0 kB
VmFlags: rd wr mr mw me ac 
7fee910ce000-7fee910f0000 r-xp 00000000 ca:00 14345                      /lib/x86_64-linux-gnu/liblzma.so.5.0.0
Size:                136 kB
Rss:                  12 kB
Pss:                   1 kB
Shared_Clean:         12 kB
Shared_Dirty:          0 kB
Private_Clean:         0 kB
Private_Dirty:         0 kB
Referenced:           12 kB
Anonymous:             0 kB
AnonHugePages:         0 kB
Swap:                  0 kB
KernelPageSize:        4 kB
MMUPageSize:           4 kB
Locked:                0 kB
VmFlags: rd ex mr mw me 
7fee910f0000-7fee912ef000 ---p 00022000 ca:00 14345                      /lib/x86_64-linux-gnu/liblzma.so.5.0.0
Size:               2044 kB
Rss:                   0 kB
Pss:                   0 kB
Shared_Clean:          0 kB
Shared_Dirty:          0 kB
Private_Clean:         0 kB
Private_Dirty:         0 kB
Referenced:            0 kB
Anonymous:             0 kB
AnonHugePages:         0 kB
Swap:                  0 kB
KernelPageSize:        4 kB
MMUPageSize:           4 kB
Locked:                0 kB
VmFlags: mr mw me 
7fee912ef000-7fee912f0000 r--p 00021000 ca:00 14345                      /lib/x86_64-linux-gnu/liblzma.so.5.0.0
Size:                  4 kB
Rss:                   4 kB
Pss:                   0 kB
Shared_Clean:          0 kB
Shared_Dirty:          4 kB
Private_Clean:         0 kB
Private_Dirty:         0 kB
Referenced:            4 kB
Anonymous:             4 kB
AnonHugePages:         0 kB
Swap:                  0 kB
KernelPageSize:        4 kB
MMUPageSize:           4 kB
Locked:                0 kB
VmFlags: rd mr mw me ac 
7fee912f0000-7fee912f1000 rw-p 00022000 ca:00 14345                      /lib/x86_64-linux-gnu/liblzma.so.5.0.0
Size:                  4 kB
Rss:                   4 kB
Pss:                   0 kB
Shared_Clean:          0 kB
Shared_Dirty:          4 kB
Private_Clean:         0 kB
Private_Dirty:         0 kB
Referenced:            4 kB
Anonymous:             4 kB
AnonHugePages:         0 kB
Swap:                  0 kB
KernelPageSize:        4 kB
MMUPageSize:           4 kB
Locked:                0 kB
VmFlags: rd wr mr mw me ac 
7fee912f1000-7fee9136b000 r-xp 00000000 ca:00 15690                      /lib/x86_64-linux-gnu/libgcrypt.so.11.7.0
Size:                488 kB
Rss:                  36 kB
Pss:                   8 kB
Shared_Clean:         36 kB
Shared_Dirty:          0 kB
Private_Clean:         0 kB
Private_Dirty:         0 kB
Referenced:           36 kB
Anonymous:             0 kB
AnonHugePages:         0 kB
Swap:                  0 kB
KernelPageSize:        4 kB
MMUPageSize:           4 kB
Locked:                0 kB
VmFlags: rd ex mr mw me 
7fee9136b000-7fee9156b000 ---p 0007a000 ca:00 15690                      /lib/x86_64-linux-gnu/libgcrypt.so.11.7.0
Size:               2048 kB
Rss:                   0 kB
Pss:                   0 kB
Shared_Clean:          0 kB
Shared_Dirty:          0 kB
Private_Clean:         0 kB
Private_Dirty:         0 kB
Referenced:            0 kB
Anonymous:             0 kB
AnonHugePages:         0 kB
Swap:                  0 kB
KernelPageSize:        4 kB
MMUPageSize:           4 kB
Locked:                0 kB
VmFlags: mr mw me 
7fee9156b000-7fee9156c000 r--p 0007a000 ca:00 15690                      /lib/x86_64-linux-gnu/libgcrypt.so.11.7.0
Size:                  4 kB
Rss:                   4 kB
Pss:                   0 kB
Shared_Clean:          0 kB
Shared_Dirty:          4 kB
Private_Clean:         0 kB
Private_Dirty:         0 kB
Referenced:            4 kB
Anonymous:             4 kB
AnonHugePages:         0 kB
Swap:                  0 kB
KernelPageSize:        4 kB
MMUPageSize:           4 kB
Locked:                0 kB
VmFlags: rd mr mw me ac 
7fee9156c000-7fee9156f000 rw-p 0007b000 ca:00 15690                      /lib/x86_64-linux-gnu/libgcrypt.so.11.7.0
Size:                 12 kB
Rss:                  12 kB
Pss:                   0 kB
Shared_Clean:          0 kB
Shared_Dirty:         12 kB
Private_Clean:         0 kB
Private_Dirty:         0 kB
Referenced:           12 kB
Anonymous:            12 kB
AnonHugePages:         0 kB
Swap:                  0 kB
KernelPageSize:        4 kB
MMUPageSize:           4 kB
Locked:                0 kB
VmFlags: rd wr mr mw me ac 
7fee9156f000-7fee916c5000 r-xp 00000000 ca:00 964                        /usr/lib/x86_64-linux-gnu/libxml2.so.2.8.0
Size:               1368 kB
Rss:                 248 kB
Pss:                  57 kB
Shared_Clean:        248 kB
Shared_Dirty:          0 kB
Private_Clean:         0 kB
Private_Dirty:         0 kB
Referenced:          248 kB
Anonymous:             0 kB
AnonHugePages:         0 kB
Swap:                  0 kB
KernelPageSize:        4 kB
MMUPageSize:           4 kB
Locked:                0 kB
VmFlags: rd ex mr mw me 
7fee916c5000-7fee916c6000 ---p 00156000 ca:00 964                        /usr/lib/x86_64-linux-gnu/libxml2.so.2.8.0
Size:                  4 kB
Rss:                   0 kB
Pss:                   0 kB
Shared_Clean:          0 kB
Shared_Dirty:          0 kB
Private_Clean:         0 kB
Private_Dirty:         0 kB
Referenced:            0 kB
Anonymous:             0 kB
AnonHugePages:         0 kB
Swap:                  0 kB
KernelPageSize:        4 kB
MMUPageSize:           4 kB
Locked:                0 kB
VmFlags: mr mw me 
7fee916c6000-7fee916ce000 r--p 00156000 ca:00 964                        /usr/lib/x86_64-linux-gnu/libxml2.so.2.8.0
Size:                 32 kB
Rss:                  32 kB
Pss:                   2 kB
Shared_Clean:          0 kB
Shared_Dirty:         32 kB
Private_Clean:         0 kB
Private_Dirty:         0 kB
Referenced:           32 kB
Anonymous:            32 kB
AnonHugePages:         0 kB
Swap:                  0 kB
KernelPageSize:        4 kB
MMUPageSize:           4 kB
Locked:                0 kB
VmFlags: rd mr mw me ac 
7fee916ce000-7fee916d0000 rw-p 0015e000 ca:00 964                        /usr/lib/x86_64-linux-gnu/libxml2.so.2.8.0
Size:                  8 kB
Rss:                   8 kB
Pss:                   0 kB
Shared_Clean:          0 kB
Shared_Dirty:          8 kB
Private_Clean:         0 kB
Private_Dirty:         0 kB
Referenced:            8 kB
Anonymous:             8 kB
AnonHugePages:         0 kB
Swap:                  0 kB
KernelPageSize:        4 kB
MMUPageSize:           4 kB
Locked:                0 kB
VmFlags: rd wr mr mw me ac 
7fee916d0000-7fee916d1000 rw-p 00000000 00:00 0 
Size:                  4 kB
Rss:                   4 kB
Pss:                   0 kB
Shared_Clean:          0 kB
Shared_Dirty:          4 kB
Private_Clean:         0 kB
Private_Dirty:         0 kB
Referenced:            4 kB
Anonymous:             4 kB
AnonHugePages:         0 kB
Swap:                  0 kB
KernelPageSize:        4 kB
MMUPageSize:           4 kB
Locked:                0 kB
VmFlags: rd wr mr mw me ac 
7fee916d1000-7fee9170d000 r-xp 00000000 ca:00 1077                       /usr/lib/x86_64-linux-gnu/libxslt.so.1.1.26
Size:                240 kB
Rss:                  48 kB
Pss:                  12 kB
Shared_Clean:         48 kB
Shared_Dirty:          0 kB
Private_Clean:         0 kB
Private_Dirty:         0 kB
Referenced:           48 kB
Anonymous:             0 kB
AnonHugePages:         0 kB
Swap:                  0 kB
KernelPageSize:        4 kB
MMUPageSize:           4 kB
Locked:                0 kB
VmFlags: rd ex mr mw me 
7fee9170d000-7fee9190c000 ---p 0003c000 ca:00 1077                       /usr/lib/x86_64-linux-gnu/libxslt.so.1.1.26
Size:               2044 kB
Rss:                   0 kB
Pss:                   0 kB
Shared_Clean:          0 kB
Shared_Dirty:          0 kB
Private_Clean:         0 kB
Private_Dirty:         0 kB
Referenced:            0 kB
Anonymous:             0 kB
AnonHugePages:         0 kB
Swap:                  0 kB
KernelPageSize:        4 kB
MMUPageSize:           4 kB
Locked:                0 kB
VmFlags: mr mw me 
7fee9190c000-7fee9190e000 r--p 0003b000 ca:00 1077                       /usr/lib/x86_64-linux-gnu/libxslt.so.1.1.26
Size:                  8 kB
Rss:                   8 kB
Pss:                   0 kB
Shared_Clean:          0 kB
Shared_Dirty:          8 kB
Private_Clean:         0 kB
Private_Dirty:         0 kB
Referenced:            8 kB
Anonymous:             8 kB
AnonHugePages:         0 kB
Swap:                  0 kB
KernelPageSize:        4 kB
MMUPageSize:           4 kB
Locked:                0 kB
VmFlags: rd mr mw me ac 
7fee9190e000-7fee9190f000 rw-p 0003d000 ca:00 1077                       /usr/lib/x86_64-linux-gnu/libxslt.so.1.1.26
Size:                  4 kB
Rss:                   4 kB
Pss:                   0 kB
Shared_Clean:          0 kB
Shared_Dirty:          4 kB
Private_Clean:         0 kB
Private_Dirty:         0 kB
Referenced:            4 kB
Anonymous:             4 kB
AnonHugePages:         0 kB
Swap:                  0 kB
KernelPageSize:        4 kB
MMUPageSize:           4 kB
Locked:                0 kB
VmFlags: rd wr mr mw me ac 
7fee9190f000-7fee91923000 r-xp 00000000 ca:00 1100                       /usr/lib/x86_64-linux-gnu/libexslt.so.0.8.15
Size:                 80 kB
Rss:                  20 kB
Pss:                   4 kB
Shared_Clean:         20 kB
Shared_Dirty:          0 kB
Private_Clean:         0 kB
Private_Dirty:         0 kB
Referenced:           20 kB
Anonymous:             0 kB
AnonHugePages:         0 kB
Swap:                  0 kB
KernelPageSize:        4 kB
MMUPageSize:           4 kB
Locked:                0 kB
VmFlags: rd ex mr mw me 
7fee91923000-7fee91b22000 ---p 00014000 ca:00 1100                       /usr/lib/x86_64-linux-gnu/libexslt.so.0.8.15
Size:               2044 kB
Rss:                   0 kB
Pss:                   0 kB
Shared_Clean:          0 kB
Shared_Dirty:          0 kB
Private_Clean:         0 kB
Private_Dirty:         0 kB
Referenced:            0 kB
Anonymous:             0 kB
AnonHugePages:         0 kB
Swap:                  0 kB
KernelPageSize:        4 kB
MMUPageSize:           4 kB
Locked:                0 kB
VmFlags: mr mw me 
7fee91b22000-7fee91b23000 r--p 00013000 ca:00 1100                       /usr/lib/x86_64-linux-gnu/libexslt.so.0.8.15
Size:                  4 kB
Rss:                   4 kB
Pss:                   0 kB
Shared_Clean:          0 kB
Shared_Dirty:          4 kB
Private_Clean:         0 kB
Private_Dirty:         0 kB
Referenced:            4 kB
Anonymous:             4 kB
AnonHugePages:         0 kB
Swap:                  0 kB
KernelPageSize:        4 kB
MMUPageSize:           4 kB
Locked:                0 kB
VmFlags: rd mr mw me ac 
7fee91b23000-7fee91b24000 rw-p 00014000 ca:00 1100                       /usr/lib/x86_64-linux-gnu/libexslt.so.0.8.15
Size:                  4 kB
Rss:                   4 kB
Pss:                   0 kB
Shared_Clean:          0 kB
Shared_Dirty:          4 kB
Private_Clean:         0 kB
Private_Dirty:         0 kB
Referenced:            4 kB
Anonymous:             4 kB
AnonHugePages:         0 kB
Swap:                  0 kB
KernelPageSize:        4 kB
MMUPageSize:           4 kB
Locked:                0 kB
VmFlags: rd wr mr mw me ac 
7fee91b24000-7fee91b3e000 r-xp 00000000 ca:00 277764                     /usr/local/rvm/gems/ruby-2.1.0/extensions/x86_64-linux/2.1.0/nokogiri-1.5.11/nokogiri/nokogiri.so
Size:                104 kB
Rss:                  84 kB
Pss:                  19 kB
Shared_Clean:         84 kB
Shared_Dirty:          0 kB
Private_Clean:         0 kB
Private_Dirty:         0 kB
Referenced:           84 kB
Anonymous:             0 kB
AnonHugePages:         0 kB
Swap:                  0 kB
KernelPageSize:        4 kB
MMUPageSize:           4 kB
Locked:                0 kB
VmFlags: rd ex mr mw me 
7fee91b3e000-7fee91d3d000 ---p 0001a000 ca:00 277764                     /usr/local/rvm/gems/ruby-2.1.0/extensions/x86_64-linux/2.1.0/nokogiri-1.5.11/nokogiri/nokogiri.so
Size:               2044 kB
Rss:                   0 kB
Pss:                   0 kB
Shared_Clean:          0 kB
Shared_Dirty:          0 kB
Private_Clean:         0 kB
Private_Dirty:         0 kB
Referenced:            0 kB
Anonymous:             0 kB
AnonHugePages:         0 kB
Swap:                  0 kB
KernelPageSize:        4 kB
MMUPageSize:           4 kB
Locked:                0 kB
VmFlags: mr mw me 
7fee91d3d000-7fee91d3f000 rw-p 00019000 ca:00 277764                     /usr/local/rvm/gems/ruby-2.1.0/extensions/x86_64-linux/2.1.0/nokogiri-1.5.11/nokogiri/nokogiri.so
Size:                  8 kB
Rss:                   8 kB
Pss:                   0 kB
Shared_Clean:          0 kB
Shared_Dirty:          8 kB
Private_Clean:         0 kB
Private_Dirty:         0 kB
Referenced:            8 kB
Anonymous:             8 kB
AnonHugePages:         0 kB
Swap:                  0 kB
KernelPageSize:        4 kB
MMUPageSize:           4 kB
Locked:                0 kB
VmFlags: rd wr mr mw me ac 
7fee91d3f000-7fee91d49000 r-xp 00000000 ca:00 256932                     /usr/local/rvm/rubies/ruby-2.1.0/lib/ruby/2.1.0/x86_64-linux/json/ext/generator.so
Size:                 40 kB
Rss:                  24 kB
Pss:                  10 kB
Shared_Clean:         24 kB
Shared_Dirty:          0 kB
Private_Clean:         0 kB
Private_Dirty:         0 kB
Referenced:           24 kB
Anonymous:             0 kB
AnonHugePages:         0 kB
Swap:                  0 kB
KernelPageSize:        4 kB
MMUPageSize:           4 kB
Locked:                0 kB
VmFlags: rd ex mr mw me 
7fee91d49000-7fee91f48000 ---p 0000a000 ca:00 256932                     /usr/local/rvm/rubies/ruby-2.1.0/lib/ruby/2.1.0/x86_64-linux/json/ext/generator.so
Size:               2044 kB
Rss:                   0 kB
Pss:                   0 kB
Shared_Clean:          0 kB
Shared_Dirty:          0 kB
Private_Clean:         0 kB
Private_Dirty:         0 kB
Referenced:            0 kB
Anonymous:             0 kB
AnonHugePages:         0 kB
Swap:                  0 kB
KernelPageSize:        4 kB
MMUPageSize:           4 kB
Locked:                0 kB
VmFlags: mr mw me 
7fee91f48000-7fee91f49000 rw-p 00009000 ca:00 256932                     /usr/local/rvm/rubies/ruby-2.1.0/lib/ruby/2.1.0/x86_64-linux/json/ext/generator.so
Size:                  4 kB
Rss:                   4 kB
Pss:                   0 kB
Shared_Clean:          0 kB
Shared_Dirty:          4 kB
Private_Clean:         0 kB
Private_Dirty:         0 kB
Referenced:            4 kB
Anonymous:             4 kB
AnonHugePages:         0 kB
Swap:                  0 kB
KernelPageSize:        4 kB
MMUPageSize:           4 kB
Locked:                0 kB
VmFlags: rd wr mr mw me ac 
7fee91f49000-7fee91f4a000 r-xp 00000000 ca:00 251639                     /usr/local/rvm/rubies/ruby-2.1.0/lib/ruby/2.1.0/x86_64-linux/enc/utf_32le.so
Size:                  4 kB
Rss:                   4 kB
Pss:                   0 kB
Shared_Clean:          4 kB
Shared_Dirty:          0 kB
Private_Clean:         0 kB
Private_Dirty:         0 kB
Referenced:            4 kB
Anonymous:             0 kB
AnonHugePages:         0 kB
Swap:                  0 kB
KernelPageSize:        4 kB
MMUPageSize:           4 kB
Locked:                0 kB
VmFlags: rd ex mr mw me 
7fee91f4a000-7fee9214a000 ---p 00001000 ca:00 251639                     /usr/local/rvm/rubies/ruby-2.1.0/lib/ruby/2.1.0/x86_64-linux/enc/utf_32le.so
Size:               2048 kB
Rss:                   0 kB
Pss:                   0 kB
Shared_Clean:          0 kB
Shared_Dirty:          0 kB
Private_Clean:         0 kB
Private_Dirty:         0 kB
Referenced:            0 kB
Anonymous:             0 kB
AnonHugePages:         0 kB
Swap:                  0 kB
KernelPageSize:        4 kB
MMUPageSize:           4 kB
Locked:                0 kB
VmFlags: mr mw me 
7fee9214a000-7fee9214b000 rw-p 00001000 ca:00 251639                     /usr/local/rvm/rubies/ruby-2.1.0/lib/ruby/2.1.0/x86_64-linux/enc/utf_32le.so
Size:                  4 kB
Rss:                   4 kB
Pss:                   0 kB
Shared_Clean:          0 kB
Shared_Dirty:          4 kB
Private_Clean:         0 kB
Private_Dirty:         0 kB
Referenced:            4 kB
Anonymous:             4 kB
AnonHugePages:         0 kB
Swap:                  0 kB
KernelPageSize:        4 kB
MMUPageSize:           4 kB
Locked:                0 kB
VmFlags: rd wr mr mw me ac 
7fee9214b000-7fee9214c000 r-xp 00000000 ca:00 251628                     /usr/local/rvm/rubies/ruby-2.1.0/lib/ruby/2.1.0/x86_64-linux/enc/utf_32be.so
Size:                  4 kB
Rss:                   4 kB
Pss:                   0 kB
Shared_Clean:          4 kB
Shared_Dirty:          0 kB
Private_Clean:         0 kB
Private_Dirty:         0 kB
Referenced:            4 kB
Anonymous:             0 kB
AnonHugePages:         0 kB
Swap:                  0 kB
KernelPageSize:        4 kB
MMUPageSize:           4 kB
Locked:                0 kB
VmFlags: rd ex mr mw me 
7fee9214c000-7fee9234c000 ---p 00001000 ca:00 251628                     /usr/local/rvm/rubies/ruby-2.1.0/lib/ruby/2.1.0/x86_64-linux/enc/utf_32be.so
Size:               2048 kB
Rss:                   0 kB
Pss:                   0 kB
Shared_Clean:          0 kB
Shared_Dirty:          0 kB
Private_Clean:         0 kB
Private_Dirty:         0 kB
Referenced:            0 kB
Anonymous:             0 kB
AnonHugePages:         0 kB
Swap:                  0 kB
KernelPageSize:        4 kB
MMUPageSize:           4 kB
Locked:                0 kB
VmFlags: mr mw me 
7fee9234c000-7fee9234d000 rw-p 00001000 ca:00 251628                     /usr/local/rvm/rubies/ruby-2.1.0/lib/ruby/2.1.0/x86_64-linux/enc/utf_32be.so
Size:                  4 kB
Rss:                   4 kB
Pss:                   0 kB
Shared_Clean:          0 kB
Shared_Dirty:          4 kB
Private_Clean:         0 kB
Private_Dirty:         0 kB
Referenced:            4 kB
Anonymous:             4 kB
AnonHugePages:         0 kB
Swap:                  0 kB
KernelPageSize:        4 kB
MMUPageSize:           4 kB
Locked:                0 kB
VmFlags: rd wr mr mw me ac 
7fee9234d000-7fee9234e000 r-xp 00000000 ca:00 251630                     /usr/local/rvm/rubies/ruby-2.1.0/lib/ruby/2.1.0/x86_64-linux/enc/utf_16le.so
Size:                  4 kB
Rss:                   4 kB
Pss:                   0 kB
Shared_Clean:          4 kB
Shared_Dirty:          0 kB
Private_Clean:         0 kB
Private_Dirty:         0 kB
Referenced:            4 kB
Anonymous:             0 kB
AnonHugePages:         0 kB
Swap:                  0 kB
KernelPageSize:        4 kB
MMUPageSize:           4 kB
Locked:                0 kB
VmFlags: rd ex mr mw me 
7fee9234e000-7fee9254e000 ---p 00001000 ca:00 251630                     /usr/local/rvm/rubies/ruby-2.1.0/lib/ruby/2.1.0/x86_64-linux/enc/utf_16le.so
Size:               2048 kB
Rss:                   0 kB
Pss:                   0 kB
Shared_Clean:          0 kB
Shared_Dirty:          0 kB
Private_Clean:         0 kB
Private_Dirty:         0 kB
Referenced:            0 kB
Anonymous:             0 kB
AnonHugePages:         0 kB
Swap:                  0 kB
KernelPageSize:        4 kB
MMUPageSize:           4 kB
Locked:                0 kB
VmFlags: mr mw me 
7fee9254e000-7fee9254f000 rw-p 00001000 ca:00 251630                     /usr/local/rvm/rubies/ruby-2.1.0/lib/ruby/2.1.0/x86_64-linux/enc/utf_16le.so
Size:                  4 kB
Rss:                   4 kB
Pss:                   0 kB
Shared_Clean:          0 kB
Shared_Dirty:          4 kB
Private_Clean:         0 kB
Private_Dirty:         0 kB
Referenced:            4 kB
Anonymous:             4 kB
AnonHugePages:         0 kB
Swap:                  0 kB
KernelPageSize:        4 kB
MMUPageSize:           4 kB
Locked:                0 kB
VmFlags: rd wr mr mw me ac 
7fee9254f000-7fee92550000 r-xp 00000000 ca:00 251668                     /usr/local/rvm/rubies/ruby-2.1.0/lib/ruby/2.1.0/x86_64-linux/enc/utf_16be.so
Size:                  4 kB
Rss:                   4 kB
Pss:                   0 kB
Shared_Clean:          4 kB
Shared_Dirty:          0 kB
Private_Clean:         0 kB
Private_Dirty:         0 kB
Referenced:            4 kB
Anonymous:             0 kB
AnonHugePages:         0 kB
Swap:                  0 kB
KernelPageSize:        4 kB
MMUPageSize:           4 kB
Locked:                0 kB
VmFlags: rd ex mr mw me 
7fee92550000-7fee92750000 ---p 00001000 ca:00 251668                     /usr/local/rvm/rubies/ruby-2.1.0/lib/ruby/2.1.0/x86_64-linux/enc/utf_16be.so
Size:               2048 kB
Rss:                   0 kB
Pss:                   0 kB
Shared_Clean:          0 kB
Shared_Dirty:          0 kB
Private_Clean:         0 kB
Private_Dirty:         0 kB
Referenced:            0 kB
Anonymous:             0 kB
AnonHugePages:         0 kB
Swap:                  0 kB
KernelPageSize:        4 kB
MMUPageSize:           4 kB
Locked:                0 kB
VmFlags: mr mw me 
7fee92750000-7fee92751000 rw-p 00001000 ca:00 251668                     /usr/local/rvm/rubies/ruby-2.1.0/lib/ruby/2.1.0/x86_64-linux/enc/utf_16be.so
Size:                  4 kB
Rss:                   4 kB
Pss:                   0 kB
Shared_Clean:          0 kB
Shared_Dirty:          4 kB
Private_Clean:         0 kB
Private_Dirty:         0 kB
Referenced:            4 kB
Anonymous:             4 kB
AnonHugePages:         0 kB
Swap:                  0 kB
KernelPageSize:        4 kB
MMUPageSize:           4 kB
Locked:                0 kB
VmFlags: rd wr mr mw me ac 
7fee92751000-7fee92757000 r-xp 00000000 ca:00 256931                     /usr/local/rvm/rubies/ruby-2.1.0/lib/ruby/2.1.0/x86_64-linux/json/ext/parser.so
Size:                 24 kB
Rss:                  20 kB
Pss:                   8 kB
Shared_Clean:         20 kB
Shared_Dirty:          0 kB
Private_Clean:         0 kB
Private_Dirty:         0 kB
Referenced:           20 kB
Anonymous:             0 kB
AnonHugePages:         0 kB
Swap:                  0 kB
KernelPageSize:        4 kB
MMUPageSize:           4 kB
Locked:                0 kB
VmFlags: rd ex mr mw me 
7fee92757000-7fee92956000 ---p 00006000 ca:00 256931                     /usr/local/rvm/rubies/ruby-2.1.0/lib/ruby/2.1.0/x86_64-linux/json/ext/parser.so
Size:               2044 kB
Rss:                   0 kB
Pss:                   0 kB
Shared_Clean:          0 kB
Shared_Dirty:          0 kB
Private_Clean:         0 kB
Private_Dirty:         0 kB
Referenced:            0 kB
Anonymous:             0 kB
AnonHugePages:         0 kB
Swap:                  0 kB
KernelPageSize:        4 kB
MMUPageSize:           4 kB
Locked:                0 kB
VmFlags: mr mw me 
7fee92956000-7fee92957000 rw-p 00005000 ca:00 256931                     /usr/local/rvm/rubies/ruby-2.1.0/lib/ruby/2.1.0/x86_64-linux/json/ext/parser.so
Size:                  4 kB
Rss:                   4 kB
Pss:                   0 kB
Shared_Clean:          0 kB
Shared_Dirty:          4 kB
Private_Clean:         0 kB
Private_Dirty:         0 kB
Referenced:            4 kB
Anonymous:             4 kB
AnonHugePages:         0 kB
Swap:                  0 kB
KernelPageSize:        4 kB
MMUPageSize:           4 kB
Locked:                0 kB
VmFlags: rd wr mr mw me ac 
7fee92957000-7fee92976000 r-xp 00000000 ca:00 2164                       /usr/lib/x86_64-linux-gnu/libyaml-0.so.2.0.2
Size:                124 kB
Rss:                  88 kB
Pss:                   5 kB
Shared_Clean:         88 kB
Shared_Dirty:          0 kB
Private_Clean:         0 kB
Private_Dirty:         0 kB
Referenced:           88 kB
Anonymous:             0 kB
AnonHugePages:         0 kB
Swap:                  0 kB
KernelPageSize:        4 kB
MMUPageSize:           4 kB
Locked:                0 kB
VmFlags: rd ex mr mw me 
7fee92976000-7fee92b75000 ---p 0001f000 ca:00 2164                       /usr/lib/x86_64-linux-gnu/libyaml-0.so.2.0.2
Size:               2044 kB
Rss:                   0 kB
Pss:                   0 kB
Shared_Clean:          0 kB
Shared_Dirty:          0 kB
Private_Clean:         0 kB
Private_Dirty:         0 kB
Referenced:            0 kB
Anonymous:             0 kB
AnonHugePages:         0 kB
Swap:                  0 kB
KernelPageSize:        4 kB
MMUPageSize:           4 kB
Locked:                0 kB
VmFlags: mr mw me 
7fee92b75000-7fee92b76000 r--p 0001e000 ca:00 2164                       /usr/lib/x86_64-linux-gnu/libyaml-0.so.2.0.2
Size:                  4 kB
Rss:                   4 kB
Pss:                   0 kB
Shared_Clean:          0 kB
Shared_Dirty:          4 kB
Private_Clean:         0 kB
Private_Dirty:         0 kB
Referenced:            4 kB
Anonymous:             4 kB
AnonHugePages:         0 kB
Swap:                  0 kB
KernelPageSize:        4 kB
MMUPageSize:           4 kB
Locked:                0 kB
VmFlags: rd mr mw me ac 
7fee92b76000-7fee92b77000 rw-p 0001f000 ca:00 2164                       /usr/lib/x86_64-linux-gnu/libyaml-0.so.2.0.2
Size:                  4 kB
Rss:                   4 kB
Pss:                   0 kB
Shared_Clean:          0 kB
Shared_Dirty:          4 kB
Private_Clean:         0 kB
Private_Dirty:         0 kB
Referenced:            4 kB
Anonymous:             4 kB
AnonHugePages:         0 kB
Swap:                  0 kB
KernelPageSize:        4 kB
MMUPageSize:           4 kB
Locked:                0 kB
VmFlags: rd wr mr mw me ac 
7fee92b77000-7fee92b7d000 r-xp 00000000 ca:00 251680                     /usr/local/rvm/rubies/ruby-2.1.0/lib/ruby/2.1.0/x86_64-linux/psych.so
Size:                 24 kB
Rss:                  24 kB
Pss:                   1 kB
Shared_Clean:         24 kB
Shared_Dirty:          0 kB
Private_Clean:         0 kB
Private_Dirty:         0 kB
Referenced:           24 kB
Anonymous:             0 kB
AnonHugePages:         0 kB
Swap:                  0 kB
KernelPageSize:        4 kB
MMUPageSize:           4 kB
Locked:                0 kB
VmFlags: rd ex mr mw me 
7fee92b7d000-7fee92d7d000 ---p 00006000 ca:00 251680                     /usr/local/rvm/rubies/ruby-2.1.0/lib/ruby/2.1.0/x86_64-linux/psych.so
Size:               2048 kB
Rss:                   0 kB
Pss:                   0 kB
Shared_Clean:          0 kB
Shared_Dirty:          0 kB
Private_Clean:         0 kB
Private_Dirty:         0 kB
Referenced:            0 kB
Anonymous:             0 kB
AnonHugePages:         0 kB
Swap:                  0 kB
KernelPageSize:        4 kB
MMUPageSize:           4 kB
Locked:                0 kB
VmFlags: mr mw me 
7fee92d7d000-7fee92d7e000 rw-p 00006000 ca:00 251680                     /usr/local/rvm/rubies/ruby-2.1.0/lib/ruby/2.1.0/x86_64-linux/psych.so
Size:                  4 kB
Rss:                   4 kB
Pss:                   2 kB
Shared_Clean:          0 kB
Shared_Dirty:          4 kB
Private_Clean:         0 kB
Private_Dirty:         0 kB
Referenced:            4 kB
Anonymous:             4 kB
AnonHugePages:         0 kB
Swap:                  0 kB
KernelPageSize:        4 kB
MMUPageSize:           4 kB
Locked:                0 kB
VmFlags: rd wr mr mw me ac 
7fee92d7e000-7fee92d93000 r-xp 00000000 ca:00 251698                     /usr/local/rvm/rubies/ruby-2.1.0/lib/ruby/2.1.0/x86_64-linux/bigdecimal.so
Size:                 84 kB
Rss:                  44 kB
Pss:                  13 kB
Shared_Clean:         44 kB
Shared_Dirty:          0 kB
Private_Clean:         0 kB
Private_Dirty:         0 kB
Referenced:           44 kB
Anonymous:             0 kB
AnonHugePages:         0 kB
Swap:                  0 kB
KernelPageSize:        4 kB
MMUPageSize:           4 kB
Locked:                0 kB
VmFlags: rd ex mr mw me 
7fee92d93000-7fee92f92000 ---p 00015000 ca:00 251698                     /usr/local/rvm/rubies/ruby-2.1.0/lib/ruby/2.1.0/x86_64-linux/bigdecimal.so
Size:               2044 kB
Rss:                   0 kB
Pss:                   0 kB
Shared_Clean:          0 kB
Shared_Dirty:          0 kB
Private_Clean:         0 kB
Private_Dirty:         0 kB
Referenced:            0 kB
Anonymous:             0 kB
AnonHugePages:         0 kB
Swap:                  0 kB
KernelPageSize:        4 kB
MMUPageSize:           4 kB
Locked:                0 kB
VmFlags: mr mw me 
7fee92f92000-7fee92f93000 rw-p 00014000 ca:00 251698                     /usr/local/rvm/rubies/ruby-2.1.0/lib/ruby/2.1.0/x86_64-linux/bigdecimal.so
Size:                  4 kB
Rss:                   4 kB
Pss:                   0 kB
Shared_Clean:          0 kB
Shared_Dirty:          4 kB
Private_Clean:         0 kB
Private_Dirty:         0 kB
Referenced:            4 kB
Anonymous:             4 kB
AnonHugePages:         0 kB
Swap:                  0 kB
KernelPageSize:        4 kB
MMUPageSize:           4 kB
Locked:                0 kB
VmFlags: rd wr mr mw me ac 
7fee92f93000-7fee92f99000 r-xp 00000000 ca:00 333781                     /usr/local/rvm/gems/ruby-2.1.0/extensions/x86_64-linux/2.1.0/raindrops-0.13.0/raindrops_ext.so
Size:                 24 kB
Rss:                  20 kB
Pss:                   4 kB
Shared_Clean:         20 kB
Shared_Dirty:          0 kB
Private_Clean:         0 kB
Private_Dirty:         0 kB
Referenced:           20 kB
Anonymous:             0 kB
AnonHugePages:         0 kB
Swap:                  0 kB
KernelPageSize:        4 kB
MMUPageSize:           4 kB
Locked:                0 kB
VmFlags: rd ex mr mw me 
7fee92f99000-7fee93198000 ---p 00006000 ca:00 333781                     /usr/local/rvm/gems/ruby-2.1.0/extensions/x86_64-linux/2.1.0/raindrops-0.13.0/raindrops_ext.so
Size:               2044 kB
Rss:                   0 kB
Pss:                   0 kB
Shared_Clean:          0 kB
Shared_Dirty:          0 kB
Private_Clean:         0 kB
Private_Dirty:         0 kB
Referenced:            0 kB
Anonymous:             0 kB
AnonHugePages:         0 kB
Swap:                  0 kB
KernelPageSize:        4 kB
MMUPageSize:           4 kB
Locked:                0 kB
VmFlags: mr mw me 
7fee93198000-7fee93199000 rw-p 00005000 ca:00 333781                     /usr/local/rvm/gems/ruby-2.1.0/extensions/x86_64-linux/2.1.0/raindrops-0.13.0/raindrops_ext.so
Size:                  4 kB
Rss:                   4 kB
Pss:                   0 kB
Shared_Clean:          0 kB
Shared_Dirty:          4 kB
Private_Clean:         0 kB
Private_Dirty:         0 kB
Referenced:            4 kB
Anonymous:             4 kB
AnonHugePages:         0 kB
Swap:                  0 kB
KernelPageSize:        4 kB
MMUPageSize:           4 kB
Locked:                0 kB
VmFlags: rd wr mr mw me ac 
7fee93199000-7fee931a4000 r-xp 00000000 ca:00 340450                     /usr/local/rvm/gems/ruby-2.1.0/extensions/x86_64-linux/2.1.0/unicorn-4.8.2/unicorn_http.so
Size:                 44 kB
Rss:                  16 kB
Pss:                   1 kB
Shared_Clean:         16 kB
Shared_Dirty:          0 kB
Private_Clean:         0 kB
Private_Dirty:         0 kB
Referenced:           16 kB
Anonymous:             0 kB
AnonHugePages:         0 kB
Swap:                  0 kB
KernelPageSize:        4 kB
MMUPageSize:           4 kB
Locked:                0 kB
VmFlags: rd ex mr mw me 
7fee931a4000-7fee933a4000 ---p 0000b000 ca:00 340450                     /usr/local/rvm/gems/ruby-2.1.0/extensions/x86_64-linux/2.1.0/unicorn-4.8.2/unicorn_http.so
Size:               2048 kB
Rss:                   0 kB
Pss:                   0 kB
Shared_Clean:          0 kB
Shared_Dirty:          0 kB
Private_Clean:         0 kB
Private_Dirty:         0 kB
Referenced:            0 kB
Anonymous:             0 kB
AnonHugePages:         0 kB
Swap:                  0 kB
KernelPageSize:        4 kB
MMUPageSize:           4 kB
Locked:                0 kB
VmFlags: mr mw me 
7fee933a4000-7fee933a5000 rw-p 0000b000 ca:00 340450                     /usr/local/rvm/gems/ruby-2.1.0/extensions/x86_64-linux/2.1.0/unicorn-4.8.2/unicorn_http.so
Size:                  4 kB
Rss:                   4 kB
Pss:                   4 kB
Shared_Clean:          0 kB
Shared_Dirty:          0 kB
Private_Clean:         0 kB
Private_Dirty:         4 kB
Referenced:            4 kB
Anonymous:             4 kB
AnonHugePages:         0 kB
Swap:                  0 kB
KernelPageSize:        4 kB
MMUPageSize:           4 kB
Locked:                0 kB
VmFlags: rd wr mr mw me ac 
7fee933a5000-7fee933b0000 r-xp 00000000 ca:00 327665                     /usr/local/rvm/gems/ruby-2.1.0/extensions/x86_64-linux/2.1.0/kgio-2.9.2/kgio_ext.so
Size:                 44 kB
Rss:                  36 kB
Pss:                   4 kB
Shared_Clean:         36 kB
Shared_Dirty:          0 kB
Private_Clean:         0 kB
Private_Dirty:         0 kB
Referenced:           36 kB
Anonymous:             0 kB
AnonHugePages:         0 kB
Swap:                  0 kB
KernelPageSize:        4 kB
MMUPageSize:           4 kB
Locked:                0 kB
VmFlags: rd ex mr mw me 
7fee933b0000-7fee935af000 ---p 0000b000 ca:00 327665                     /usr/local/rvm/gems/ruby-2.1.0/extensions/x86_64-linux/2.1.0/kgio-2.9.2/kgio_ext.so
Size:               2044 kB
Rss:                   0 kB
Pss:                   0 kB
Shared_Clean:          0 kB
Shared_Dirty:          0 kB
Private_Clean:         0 kB
Private_Dirty:         0 kB
Referenced:            0 kB
Anonymous:             0 kB
AnonHugePages:         0 kB
Swap:                  0 kB
KernelPageSize:        4 kB
MMUPageSize:           4 kB
Locked:                0 kB
VmFlags: mr mw me 
7fee935af000-7fee935b0000 rw-p 0000a000 ca:00 327665                     /usr/local/rvm/gems/ruby-2.1.0/extensions/x86_64-linux/2.1.0/kgio-2.9.2/kgio_ext.so
Size:                  4 kB
Rss:                   4 kB
Pss:                   4 kB
Shared_Clean:          0 kB
Shared_Dirty:          0 kB
Private_Clean:         0 kB
Private_Dirty:         4 kB
Referenced:            4 kB
Anonymous:             4 kB
AnonHugePages:         0 kB
Swap:                  0 kB
KernelPageSize:        4 kB
MMUPageSize:           4 kB
Locked:                0 kB
VmFlags: rd wr mr mw me ac 
7fee935b0000-7fee935b3000 r-xp 00000000 ca:00 251633                     /usr/local/rvm/rubies/ruby-2.1.0/lib/ruby/2.1.0/x86_64-linux/enc/windows_31j.so
Size:                 12 kB
Rss:                   8 kB
Pss:                   4 kB
Shared_Clean:          4 kB
Shared_Dirty:          0 kB
Private_Clean:         4 kB
Private_Dirty:         0 kB
Referenced:            8 kB
Anonymous:             0 kB
AnonHugePages:         0 kB
Swap:                  0 kB
KernelPageSize:        4 kB
MMUPageSize:           4 kB
Locked:                0 kB
VmFlags: rd ex mr mw me 
7fee935b3000-7fee937b2000 ---p 00003000 ca:00 251633                     /usr/local/rvm/rubies/ruby-2.1.0/lib/ruby/2.1.0/x86_64-linux/enc/windows_31j.so
Size:               2044 kB
Rss:                   0 kB
Pss:                   0 kB
Shared_Clean:          0 kB
Shared_Dirty:          0 kB
Private_Clean:         0 kB
Private_Dirty:         0 kB
Referenced:            0 kB
Anonymous:             0 kB
AnonHugePages:         0 kB
Swap:                  0 kB
KernelPageSize:        4 kB
MMUPageSize:           4 kB
Locked:                0 kB
VmFlags: mr mw me 
7fee937b2000-7fee937b3000 rw-p 00002000 ca:00 251633                     /usr/local/rvm/rubies/ruby-2.1.0/lib/ruby/2.1.0/x86_64-linux/enc/windows_31j.so
Size:                  4 kB
Rss:                   4 kB
Pss:                   0 kB
Shared_Clean:          0 kB
Shared_Dirty:          4 kB
Private_Clean:         0 kB
Private_Dirty:         0 kB
Referenced:            4 kB
Anonymous:             4 kB
AnonHugePages:         0 kB
Swap:                  0 kB
KernelPageSize:        4 kB
MMUPageSize:           4 kB
Locked:                0 kB
VmFlags: rd wr mr mw me ac 
7fee937b3000-7fee937b8000 r-xp 00000000 ca:00 251683                     /usr/local/rvm/rubies/ruby-2.1.0/lib/ruby/2.1.0/x86_64-linux/strscan.so
Size:                 20 kB
Rss:                  20 kB
Pss:                   1 kB
Shared_Clean:         20 kB
Shared_Dirty:          0 kB
Private_Clean:         0 kB
Private_Dirty:         0 kB
Referenced:           20 kB
Anonymous:             0 kB
AnonHugePages:         0 kB
Swap:                  0 kB
KernelPageSize:        4 kB
MMUPageSize:           4 kB
Locked:                0 kB
VmFlags: rd ex mr mw me 
7fee937b8000-7fee939b8000 ---p 00005000 ca:00 251683                     /usr/local/rvm/rubies/ruby-2.1.0/lib/ruby/2.1.0/x86_64-linux/strscan.so
Size:               2048 kB
Rss:                   0 kB
Pss:                   0 kB
Shared_Clean:          0 kB
Shared_Dirty:          0 kB
Private_Clean:         0 kB
Private_Dirty:         0 kB
Referenced:            0 kB
Anonymous:             0 kB
AnonHugePages:         0 kB
Swap:                  0 kB
KernelPageSize:        4 kB
MMUPageSize:           4 kB
Locked:                0 kB
VmFlags: mr mw me 
7fee939b8000-7fee939b9000 rw-p 00005000 ca:00 251683                     /usr/local/rvm/rubies/ruby-2.1.0/lib/ruby/2.1.0/x86_64-linux/strscan.so
Size:                  4 kB
Rss:                   4 kB
Pss:                   2 kB
Shared_Clean:          0 kB
Shared_Dirty:          4 kB
Private_Clean:         0 kB
Private_Dirty:         0 kB
Referenced:            4 kB
Anonymous:             4 kB
AnonHugePages:         0 kB
Swap:                  0 kB
KernelPageSize:        4 kB
MMUPageSize:           4 kB
Locked:                0 kB
VmFlags: rd wr mr mw me ac 
7fee939b9000-7fee93a0b000 r-xp 00000000 ca:00 251688                     /usr/local/rvm/rubies/ruby-2.1.0/lib/ruby/2.1.0/x86_64-linux/openssl.so
Size:                328 kB
Rss:                 228 kB
Pss:                  36 kB
Shared_Clean:        228 kB
Shared_Dirty:          0 kB
Private_Clean:         0 kB
Private_Dirty:         0 kB
Referenced:          228 kB
Anonymous:             0 kB
AnonHugePages:         0 kB
Swap:                  0 kB
KernelPageSize:        4 kB
MMUPageSize:           4 kB
Locked:                0 kB
VmFlags: rd ex mr mw me 
7fee93a0b000-7fee93c0a000 ---p 00052000 ca:00 251688                     /usr/local/rvm/rubies/ruby-2.1.0/lib/ruby/2.1.0/x86_64-linux/openssl.so
Size:               2044 kB
Rss:                   0 kB
Pss:                   0 kB
Shared_Clean:          0 kB
Shared_Dirty:          0 kB
Private_Clean:         0 kB
Private_Dirty:         0 kB
Referenced:            0 kB
Anonymous:             0 kB
AnonHugePages:         0 kB
Swap:                  0 kB
KernelPageSize:        4 kB
MMUPageSize:           4 kB
Locked:                0 kB
VmFlags: mr mw me 
7fee93c0a000-7fee93c0d000 rw-p 00051000 ca:00 251688                     /usr/local/rvm/rubies/ruby-2.1.0/lib/ruby/2.1.0/x86_64-linux/openssl.so
Size:                 12 kB
Rss:                  12 kB
Pss:                   8 kB
Shared_Clean:          0 kB
Shared_Dirty:          4 kB
Private_Clean:         0 kB
Private_Dirty:         8 kB
Referenced:           12 kB
Anonymous:            12 kB
AnonHugePages:         0 kB
Swap:                  0 kB
KernelPageSize:        4 kB
MMUPageSize:           4 kB
Locked:                0 kB
VmFlags: rd wr mr mw me ac 
7fee93c0d000-7fee93c0e000 rw-p 00000000 00:00 0 
Size:                  4 kB
Rss:                   4 kB
Pss:                   0 kB
Shared_Clean:          0 kB
Shared_Dirty:          4 kB
Private_Clean:         0 kB
Private_Dirty:         0 kB
Referenced:            4 kB
Anonymous:             4 kB
AnonHugePages:         0 kB
Swap:                  0 kB
KernelPageSize:        4 kB
MMUPageSize:           4 kB
Locked:                0 kB
VmFlags: rd wr mr mw me ac 
7fee93c0e000-7fee93c0f000 r-xp 00000000 ca:00 251691                     /usr/local/rvm/rubies/ruby-2.1.0/lib/ruby/2.1.0/x86_64-linux/fcntl.so
Size:                  4 kB
Rss:                   4 kB
Pss:                   0 kB
Shared_Clean:          4 kB
Shared_Dirty:          0 kB
Private_Clean:         0 kB
Private_Dirty:         0 kB
Referenced:            4 kB
Anonymous:             0 kB
AnonHugePages:         0 kB
Swap:                  0 kB
KernelPageSize:        4 kB
MMUPageSize:           4 kB
Locked:                0 kB
VmFlags: rd ex mr mw me 
7fee93c0f000-7fee93e0e000 ---p 00001000 ca:00 251691                     /usr/local/rvm/rubies/ruby-2.1.0/lib/ruby/2.1.0/x86_64-linux/fcntl.so
Size:               2044 kB
Rss:                   0 kB
Pss:                   0 kB
Shared_Clean:          0 kB
Shared_Dirty:          0 kB
Private_Clean:         0 kB
Private_Dirty:         0 kB
Referenced:            0 kB
Anonymous:             0 kB
AnonHugePages:         0 kB
Swap:                  0 kB
KernelPageSize:        4 kB
MMUPageSize:           4 kB
Locked:                0 kB
VmFlags: mr mw me 
7fee93e0e000-7fee93e0f000 rw-p 00000000 ca:00 251691                     /usr/local/rvm/rubies/ruby-2.1.0/lib/ruby/2.1.0/x86_64-linux/fcntl.so
Size:                  4 kB
Rss:                   4 kB
Pss:                   0 kB
Shared_Clean:          0 kB
Shared_Dirty:          4 kB
Private_Clean:         0 kB
Private_Dirty:         0 kB
Referenced:            4 kB
Anonymous:             4 kB
AnonHugePages:         0 kB
Swap:                  0 kB
KernelPageSize:        4 kB
MMUPageSize:           4 kB
Locked:                0 kB
VmFlags: rd wr mr mw me ac 
7fee93e0f000-7fee93e42000 r-xp 00000000 ca:00 251687                     /usr/local/rvm/rubies/ruby-2.1.0/lib/ruby/2.1.0/x86_64-linux/date_core.so
Size:                204 kB
Rss:                 120 kB
Pss:                  20 kB
Shared_Clean:        120 kB
Shared_Dirty:          0 kB
Private_Clean:         0 kB
Private_Dirty:         0 kB
Referenced:          120 kB
Anonymous:             0 kB
AnonHugePages:         0 kB
Swap:                  0 kB
KernelPageSize:        4 kB
MMUPageSize:           4 kB
Locked:                0 kB
VmFlags: rd ex mr mw me 
7fee93e42000-7fee94041000 ---p 00033000 ca:00 251687                     /usr/local/rvm/rubies/ruby-2.1.0/lib/ruby/2.1.0/x86_64-linux/date_core.so
Size:               2044 kB
Rss:                   0 kB
Pss:                   0 kB
Shared_Clean:          0 kB
Shared_Dirty:          0 kB
Private_Clean:         0 kB
Private_Dirty:         0 kB
Referenced:            0 kB
Anonymous:             0 kB
AnonHugePages:         0 kB
Swap:                  0 kB
KernelPageSize:        4 kB
MMUPageSize:           4 kB
Locked:                0 kB
VmFlags: mr mw me 
7fee94041000-7fee94044000 rw-p 00032000 ca:00 251687                     /usr/local/rvm/rubies/ruby-2.1.0/lib/ruby/2.1.0/x86_64-linux/date_core.so
Size:                 12 kB
Rss:                  12 kB
Pss:                   2 kB
Shared_Clean:          0 kB
Shared_Dirty:         12 kB
Private_Clean:         0 kB
Private_Dirty:         0 kB
Referenced:           12 kB
Anonymous:            12 kB
AnonHugePages:         0 kB
Swap:                  0 kB
KernelPageSize:        4 kB
MMUPageSize:           4 kB
Locked:                0 kB
VmFlags: rd wr mr mw me ac 
7fee94044000-7fee94045000 rw-p 00000000 00:00 0 
Size:                  4 kB
Rss:                   4 kB
Pss:                   0 kB
Shared_Clean:          0 kB
Shared_Dirty:          4 kB
Private_Clean:         0 kB
Private_Dirty:         0 kB
Referenced:            4 kB
Anonymous:             4 kB
AnonHugePages:         0 kB
Swap:                  0 kB
KernelPageSize:        4 kB
MMUPageSize:           4 kB
Locked:                0 kB
VmFlags: rd wr mr mw me ac 
7fee94045000-7fee9404c000 r-xp 00000000 ca:00 251690                     /usr/local/rvm/rubies/ruby-2.1.0/lib/ruby/2.1.0/x86_64-linux/stringio.so
Size:                 28 kB
Rss:                  16 kB
Pss:                   1 kB
Shared_Clean:         16 kB
Shared_Dirty:          0 kB
Private_Clean:         0 kB
Private_Dirty:         0 kB
Referenced:           16 kB
Anonymous:             0 kB
AnonHugePages:         0 kB
Swap:                  0 kB
KernelPageSize:        4 kB
MMUPageSize:           4 kB
Locked:                0 kB
VmFlags: rd ex mr mw me 
7fee9404c000-7fee9424c000 ---p 00007000 ca:00 251690                     /usr/local/rvm/rubies/ruby-2.1.0/lib/ruby/2.1.0/x86_64-linux/stringio.so
Size:               2048 kB
Rss:                   0 kB
Pss:                   0 kB
Shared_Clean:          0 kB
Shared_Dirty:          0 kB
Private_Clean:         0 kB
Private_Dirty:         0 kB
Referenced:            0 kB
Anonymous:             0 kB
AnonHugePages:         0 kB
Swap:                  0 kB
KernelPageSize:        4 kB
MMUPageSize:           4 kB
Locked:                0 kB
VmFlags: mr mw me 
7fee9424c000-7fee9424d000 rw-p 00007000 ca:00 251690                     /usr/local/rvm/rubies/ruby-2.1.0/lib/ruby/2.1.0/x86_64-linux/stringio.so
Size:                  4 kB
Rss:                   4 kB
Pss:                   0 kB
Shared_Clean:          0 kB
Shared_Dirty:          4 kB
Private_Clean:         0 kB
Private_Dirty:         0 kB
Referenced:            4 kB
Anonymous:             4 kB
AnonHugePages:         0 kB
Swap:                  0 kB
KernelPageSize:        4 kB
MMUPageSize:           4 kB
Locked:                0 kB
VmFlags: rd wr mr mw me ac 
7fee9424d000-7fee9425c000 r-xp 00000000 ca:00 251707                     /usr/local/rvm/rubies/ruby-2.1.0/lib/ruby/2.1.0/x86_64-linux/zlib.so
Size:                 60 kB
Rss:                  24 kB
Pss:                   3 kB
Shared_Clean:         24 kB
Shared_Dirty:          0 kB
Private_Clean:         0 kB
Private_Dirty:         0 kB
Referenced:           24 kB
Anonymous:             0 kB
AnonHugePages:         0 kB
Swap:                  0 kB
KernelPageSize:        4 kB
MMUPageSize:           4 kB
Locked:                0 kB
VmFlags: rd ex mr mw me 
7fee9425c000-7fee9445c000 ---p 0000f000 ca:00 251707                     /usr/local/rvm/rubies/ruby-2.1.0/lib/ruby/2.1.0/x86_64-linux/zlib.so
Size:               2048 kB
Rss:                   0 kB
Pss:                   0 kB
Shared_Clean:          0 kB
Shared_Dirty:          0 kB
Private_Clean:         0 kB
Private_Dirty:         0 kB
Referenced:            0 kB
Anonymous:             0 kB
AnonHugePages:         0 kB
Swap:                  0 kB
KernelPageSize:        4 kB
MMUPageSize:           4 kB
Locked:                0 kB
VmFlags: mr mw me 
7fee9445c000-7fee9445d000 rw-p 0000f000 ca:00 251707                     /usr/local/rvm/rubies/ruby-2.1.0/lib/ruby/2.1.0/x86_64-linux/zlib.so
Size:                  4 kB
Rss:                   4 kB
Pss:                   4 kB
Shared_Clean:          0 kB
Shared_Dirty:          0 kB
Private_Clean:         0 kB
Private_Dirty:         4 kB
Referenced:            4 kB
Anonymous:             4 kB
AnonHugePages:         0 kB
Swap:                  0 kB
KernelPageSize:        4 kB
MMUPageSize:           4 kB
Locked:                0 kB
VmFlags: rd wr mr mw me ac 
7fee9445d000-7fee94484000 r-xp 00000000 ca:00 251692                     /usr/local/rvm/rubies/ruby-2.1.0/lib/ruby/2.1.0/x86_64-linux/socket.so
Size:                156 kB
Rss:                 108 kB
Pss:                  16 kB
Shared_Clean:        108 kB
Shared_Dirty:          0 kB
Private_Clean:         0 kB
Private_Dirty:         0 kB
Referenced:          108 kB
Anonymous:             0 kB
AnonHugePages:         0 kB
Swap:                  0 kB
KernelPageSize:        4 kB
MMUPageSize:           4 kB
Locked:                0 kB
VmFlags: rd ex mr mw me 
7fee94484000-7fee94684000 ---p 00027000 ca:00 251692                     /usr/local/rvm/rubies/ruby-2.1.0/lib/ruby/2.1.0/x86_64-linux/socket.so
Size:               2048 kB
Rss:                   0 kB
Pss:                   0 kB
Shared_Clean:          0 kB
Shared_Dirty:          0 kB
Private_Clean:         0 kB
Private_Dirty:         0 kB
Referenced:            0 kB
Anonymous:             0 kB
AnonHugePages:         0 kB
Swap:                  0 kB
KernelPageSize:        4 kB
MMUPageSize:           4 kB
Locked:                0 kB
VmFlags: mr mw me 
7fee94684000-7fee94685000 rw-p 00027000 ca:00 251692                     /usr/local/rvm/rubies/ruby-2.1.0/lib/ruby/2.1.0/x86_64-linux/socket.so
Size:                  4 kB
Rss:                   4 kB
Pss:                   4 kB
Shared_Clean:          0 kB
Shared_Dirty:          0 kB
Private_Clean:         0 kB
Private_Dirty:         4 kB
Referenced:            4 kB
Anonymous:             4 kB
AnonHugePages:         0 kB
Swap:                  0 kB
KernelPageSize:        4 kB
MMUPageSize:           4 kB
Locked:                0 kB
VmFlags: rd wr mr mw me ac 
7fee94685000-7fee94689000 r-xp 00000000 ca:00 251681                     /usr/local/rvm/rubies/ruby-2.1.0/lib/ruby/2.1.0/x86_64-linux/digest.so
Size:                 16 kB
Rss:                  12 kB
Pss:                   0 kB
Shared_Clean:         12 kB
Shared_Dirty:          0 kB
Private_Clean:         0 kB
Private_Dirty:         0 kB
Referenced:           12 kB
Anonymous:             0 kB
AnonHugePages:         0 kB
Swap:                  0 kB
KernelPageSize:        4 kB
MMUPageSize:           4 kB
Locked:                0 kB
VmFlags: rd ex mr mw me 
7fee94689000-7fee94888000 ---p 00004000 ca:00 251681                     /usr/local/rvm/rubies/ruby-2.1.0/lib/ruby/2.1.0/x86_64-linux/digest.so
Size:               2044 kB
Rss:                   0 kB
Pss:                   0 kB
Shared_Clean:          0 kB
Shared_Dirty:          0 kB
Private_Clean:         0 kB
Private_Dirty:         0 kB
Referenced:            0 kB
Anonymous:             0 kB
AnonHugePages:         0 kB
Swap:                  0 kB
KernelPageSize:        4 kB
MMUPageSize:           4 kB
Locked:                0 kB
VmFlags: mr mw me 
7fee94888000-7fee94889000 rw-p 00003000 ca:00 251681                     /usr/local/rvm/rubies/ruby-2.1.0/lib/ruby/2.1.0/x86_64-linux/digest.so
Size:                  4 kB
Rss:                   4 kB
Pss:                   4 kB
Shared_Clean:          0 kB
Shared_Dirty:          0 kB
Private_Clean:         0 kB
Private_Dirty:         4 kB
Referenced:            4 kB
Anonymous:             4 kB
AnonHugePages:         0 kB
Swap:                  0 kB
KernelPageSize:        4 kB
MMUPageSize:           4 kB
Locked:                0 kB
VmFlags: rd wr mr mw me ac 
7fee94889000-7fee9489f000 r-xp 00000000 ca:00 14201                      /lib/x86_64-linux-gnu/libz.so.1.2.7
Size:                 88 kB
Rss:                  16 kB
Pss:                   1 kB
Shared_Clean:         16 kB
Shared_Dirty:          0 kB
Private_Clean:         0 kB
Private_Dirty:         0 kB
Referenced:           16 kB
Anonymous:             0 kB
AnonHugePages:         0 kB
Swap:                  0 kB
KernelPageSize:        4 kB
MMUPageSize:           4 kB
Locked:                0 kB
VmFlags: rd ex mr mw me 
7fee9489f000-7fee94a9e000 ---p 00016000 ca:00 14201                      /lib/x86_64-linux-gnu/libz.so.1.2.7
Size:               2044 kB
Rss:                   0 kB
Pss:                   0 kB
Shared_Clean:          0 kB
Shared_Dirty:          0 kB
Private_Clean:         0 kB
Private_Dirty:         0 kB
Referenced:            0 kB
Anonymous:             0 kB
AnonHugePages:         0 kB
Swap:                  0 kB
KernelPageSize:        4 kB
MMUPageSize:           4 kB
Locked:                0 kB
VmFlags: mr mw me 
7fee94a9e000-7fee94a9f000 r--p 00015000 ca:00 14201                      /lib/x86_64-linux-gnu/libz.so.1.2.7
Size:                  4 kB
Rss:                   4 kB
Pss:                   0 kB
Shared_Clean:          0 kB
Shared_Dirty:          4 kB
Private_Clean:         0 kB
Private_Dirty:         0 kB
Referenced:            4 kB
Anonymous:             4 kB
AnonHugePages:         0 kB
Swap:                  0 kB
KernelPageSize:        4 kB
MMUPageSize:           4 kB
Locked:                0 kB
VmFlags: rd mr mw me ac 
7fee94a9f000-7fee94aa0000 rw-p 00016000 ca:00 14201                      /lib/x86_64-linux-gnu/libz.so.1.2.7
Size:                  4 kB
Rss:                   4 kB
Pss:                   0 kB
Shared_Clean:          0 kB
Shared_Dirty:          4 kB
Private_Clean:         0 kB
Private_Dirty:         0 kB
Referenced:            4 kB
Anonymous:             4 kB
AnonHugePages:         0 kB
Swap:                  0 kB
KernelPageSize:        4 kB
MMUPageSize:           4 kB
Locked:                0 kB
VmFlags: rd wr mr mw me ac 
7fee94aa0000-7fee94af6000 r-xp 00000000 ca:00 2111                       /usr/lib/x86_64-linux-gnu/libssl.so.1.0.0
Size:                344 kB
Rss:                 132 kB
Pss:                  15 kB
Shared_Clean:        132 kB
Shared_Dirty:          0 kB
Private_Clean:         0 kB
Private_Dirty:         0 kB
Referenced:          132 kB
Anonymous:             0 kB
AnonHugePages:         0 kB
Swap:                  0 kB
KernelPageSize:        4 kB
MMUPageSize:           4 kB
Locked:                0 kB
VmFlags: rd ex mr mw me 
7fee94af6000-7fee94cf6000 ---p 00056000 ca:00 2111                       /usr/lib/x86_64-linux-gnu/libssl.so.1.0.0
Size:               2048 kB
Rss:                   0 kB
Pss:                   0 kB
Shared_Clean:          0 kB
Shared_Dirty:          0 kB
Private_Clean:         0 kB
Private_Dirty:         0 kB
Referenced:            0 kB
Anonymous:             0 kB
AnonHugePages:         0 kB
Swap:                  0 kB
KernelPageSize:        4 kB
MMUPageSize:           4 kB
Locked:                0 kB
VmFlags: mr mw me 
7fee94cf6000-7fee94cf9000 r--p 00056000 ca:00 2111                       /usr/lib/x86_64-linux-gnu/libssl.so.1.0.0
Size:                 12 kB
Rss:                  12 kB
Pss:                   0 kB
Shared_Clean:          0 kB
Shared_Dirty:         12 kB
Private_Clean:         0 kB
Private_Dirty:         0 kB
Referenced:           12 kB
Anonymous:            12 kB
AnonHugePages:         0 kB
Swap:                  0 kB
KernelPageSize:        4 kB
MMUPageSize:           4 kB
Locked:                0 kB
VmFlags: rd mr mw me ac 
7fee94cf9000-7fee94d00000 rw-p 00059000 ca:00 2111                       /usr/lib/x86_64-linux-gnu/libssl.so.1.0.0
Size:                 28 kB
Rss:                  28 kB
Pss:                   9 kB
Shared_Clean:          0 kB
Shared_Dirty:         20 kB
Private_Clean:         0 kB
Private_Dirty:         8 kB
Referenced:           28 kB
Anonymous:            28 kB
AnonHugePages:         0 kB
Swap:                  0 kB
KernelPageSize:        4 kB
MMUPageSize:           4 kB
Locked:                0 kB
VmFlags: rd wr mr mw me ac 
7fee94d00000-7fee94eca000 r-xp 00000000 ca:00 2098                       /usr/lib/x86_64-linux-gnu/libcrypto.so.1.0.0
Size:               1832 kB
Rss:                 768 kB
Pss:                  84 kB
Shared_Clean:        768 kB
Shared_Dirty:          0 kB
Private_Clean:         0 kB
Private_Dirty:         0 kB
Referenced:          768 kB
Anonymous:             0 kB
AnonHugePages:         0 kB
Swap:                  0 kB
KernelPageSize:        4 kB
MMUPageSize:           4 kB
Locked:                0 kB
VmFlags: rd ex mr mw me 
7fee94eca000-7fee950c9000 ---p 001ca000 ca:00 2098                       /usr/lib/x86_64-linux-gnu/libcrypto.so.1.0.0
Size:               2044 kB
Rss:                   0 kB
Pss:                   0 kB
Shared_Clean:          0 kB
Shared_Dirty:          0 kB
Private_Clean:         0 kB
Private_Dirty:         0 kB
Referenced:            0 kB
Anonymous:             0 kB
AnonHugePages:         0 kB
Swap:                  0 kB
KernelPageSize:        4 kB
MMUPageSize:           4 kB
Locked:                0 kB
VmFlags: mr mw me 
7fee950c9000-7fee950e4000 r--p 001c9000 ca:00 2098                       /usr/lib/x86_64-linux-gnu/libcrypto.so.1.0.0
Size:                108 kB
Rss:                 108 kB
Pss:                   8 kB
Shared_Clean:          0 kB
Shared_Dirty:        108 kB
Private_Clean:         0 kB
Private_Dirty:         0 kB
Referenced:          108 kB
Anonymous:           108 kB
AnonHugePages:         0 kB
Swap:                  0 kB
KernelPageSize:        4 kB
MMUPageSize:           4 kB
Locked:                0 kB
VmFlags: rd mr mw me ac 
7fee950e4000-7fee950f3000 rw-p 001e4000 ca:00 2098                       /usr/lib/x86_64-linux-gnu/libcrypto.so.1.0.0
Size:                 60 kB
Rss:                  60 kB
Pss:                  23 kB
Shared_Clean:          0 kB
Shared_Dirty:         40 kB
Private_Clean:         0 kB
Private_Dirty:        20 kB
Referenced:           60 kB
Anonymous:            60 kB
AnonHugePages:         0 kB
Swap:                  0 kB
KernelPageSize:        4 kB
MMUPageSize:           4 kB
Locked:                0 kB
VmFlags: rd wr mr mw me ac 
7fee950f3000-7fee950f7000 rw-p 00000000 00:00 0 
Size:                 16 kB
Rss:                  12 kB
Pss:                   4 kB
Shared_Clean:          0 kB
Shared_Dirty:          8 kB
Private_Clean:         0 kB
Private_Dirty:         4 kB
Referenced:           12 kB
Anonymous:            12 kB
AnonHugePages:         0 kB
Swap:                  0 kB
KernelPageSize:        4 kB
MMUPageSize:           4 kB
Locked:                0 kB
VmFlags: rd wr mr mw me ac 
7fee950f7000-7fee950f8000 r-xp 00000000 ca:00 251677                     /usr/local/rvm/rubies/ruby-2.1.0/lib/ruby/2.1.0/x86_64-linux/digest/sha1.so
Size:                  4 kB
Rss:                   4 kB
Pss:                   0 kB
Shared_Clean:          4 kB
Shared_Dirty:          0 kB
Private_Clean:         0 kB
Private_Dirty:         0 kB
Referenced:            4 kB
Anonymous:             0 kB
AnonHugePages:         0 kB
Swap:                  0 kB
KernelPageSize:        4 kB
MMUPageSize:           4 kB
Locked:                0 kB
VmFlags: rd ex mr mw me 
7fee950f8000-7fee952f7000 ---p 00001000 ca:00 251677                     /usr/local/rvm/rubies/ruby-2.1.0/lib/ruby/2.1.0/x86_64-linux/digest/sha1.so
Size:               2044 kB
Rss:                   0 kB
Pss:                   0 kB
Shared_Clean:          0 kB
Shared_Dirty:          0 kB
Private_Clean:         0 kB
Private_Dirty:         0 kB
Referenced:            0 kB
Anonymous:             0 kB
AnonHugePages:         0 kB
Swap:                  0 kB
KernelPageSize:        4 kB
MMUPageSize:           4 kB
Locked:                0 kB
VmFlags: mr mw me 
7fee952f7000-7fee952f8000 rw-p 00000000 ca:00 251677                     /usr/local/rvm/rubies/ruby-2.1.0/lib/ruby/2.1.0/x86_64-linux/digest/sha1.so
Size:                  4 kB
Rss:                   4 kB
Pss:                   0 kB
Shared_Clean:          0 kB
Shared_Dirty:          4 kB
Private_Clean:         0 kB
Private_Dirty:         0 kB
Referenced:            4 kB
Anonymous:             4 kB
AnonHugePages:         0 kB
Swap:                  0 kB
KernelPageSize:        4 kB
MMUPageSize:           4 kB
Locked:                0 kB
VmFlags: rd wr mr mw me ac 
7fee952f8000-7fee952fb000 r-xp 00000000 ca:00 251697                     /usr/local/rvm/rubies/ruby-2.1.0/lib/ruby/2.1.0/x86_64-linux/etc.so
Size:                 12 kB
Rss:                  12 kB
Pss:                   2 kB
Shared_Clean:         12 kB
Shared_Dirty:          0 kB
Private_Clean:         0 kB
Private_Dirty:         0 kB
Referenced:           12 kB
Anonymous:             0 kB
AnonHugePages:         0 kB
Swap:                  0 kB
KernelPageSize:        4 kB
MMUPageSize:           4 kB
Locked:                0 kB
VmFlags: rd ex mr mw me 
7fee952fb000-7fee954fa000 ---p 00003000 ca:00 251697                     /usr/local/rvm/rubies/ruby-2.1.0/lib/ruby/2.1.0/x86_64-linux/etc.so
Size:               2044 kB
Rss:                   0 kB
Pss:                   0 kB
Shared_Clean:          0 kB
Shared_Dirty:          0 kB
Private_Clean:         0 kB
Private_Dirty:         0 kB
Referenced:            0 kB
Anonymous:             0 kB
AnonHugePages:         0 kB
Swap:                  0 kB
KernelPageSize:        4 kB
MMUPageSize:           4 kB
Locked:                0 kB
VmFlags: mr mw me 
7fee954fa000-7fee954fb000 rw-p 00002000 ca:00 251697                     /usr/local/rvm/rubies/ruby-2.1.0/lib/ruby/2.1.0/x86_64-linux/etc.so
Size:                  4 kB
Rss:                   4 kB
Pss:                   0 kB
Shared_Clean:          0 kB
Shared_Dirty:          4 kB
Private_Clean:         0 kB
Private_Dirty:         0 kB
Referenced:            4 kB
Anonymous:             4 kB
AnonHugePages:         0 kB
Swap:                  0 kB
KernelPageSize:        4 kB
MMUPageSize:           4 kB
Locked:                0 kB
VmFlags: rd wr mr mw me ac 
7fee954fb000-7fee954fe000 r-xp 00000000 ca:00 256940                     /usr/local/rvm/rubies/ruby-2.1.0/lib/ruby/2.1.0/x86_64-linux/io/console.so
Size:                 12 kB
Rss:                  12 kB
Pss:                   2 kB
Shared_Clean:         12 kB
Shared_Dirty:          0 kB
Private_Clean:         0 kB
Private_Dirty:         0 kB
Referenced:           12 kB
Anonymous:             0 kB
AnonHugePages:         0 kB
Swap:                  0 kB
KernelPageSize:        4 kB
MMUPageSize:           4 kB
Locked:                0 kB
VmFlags: rd ex mr mw me 
7fee954fe000-7fee956fd000 ---p 00003000 ca:00 256940                     /usr/local/rvm/rubies/ruby-2.1.0/lib/ruby/2.1.0/x86_64-linux/io/console.so
Size:               2044 kB
Rss:                   0 kB
Pss:                   0 kB
Shared_Clean:          0 kB
Shared_Dirty:          0 kB
Private_Clean:         0 kB
Private_Dirty:         0 kB
Referenced:            0 kB
Anonymous:             0 kB
AnonHugePages:         0 kB
Swap:                  0 kB
KernelPageSize:        4 kB
MMUPageSize:           4 kB
Locked:                0 kB
VmFlags: mr mw me 
7fee956fd000-7fee956fe000 rw-p 00002000 ca:00 256940                     /usr/local/rvm/rubies/ruby-2.1.0/lib/ruby/2.1.0/x86_64-linux/io/console.so
Size:                  4 kB
Rss:                   4 kB
Pss:                   0 kB
Shared_Clean:          0 kB
Shared_Dirty:          4 kB
Private_Clean:         0 kB
Private_Dirty:         0 kB
Referenced:            4 kB
Anonymous:             4 kB
AnonHugePages:         0 kB
Swap:                  0 kB
KernelPageSize:        4 kB
MMUPageSize:           4 kB
Locked:                0 kB
VmFlags: rd wr mr mw me ac 
7fee956fe000-7fee95705000 r-xp 00000000 ca:00 251705                     /usr/local/rvm/rubies/ruby-2.1.0/lib/ruby/2.1.0/x86_64-linux/pathname.so
Size:                 28 kB
Rss:                  24 kB
Pss:                   2 kB
Shared_Clean:         24 kB
Shared_Dirty:          0 kB
Private_Clean:         0 kB
Private_Dirty:         0 kB
Referenced:           24 kB
Anonymous:             0 kB
AnonHugePages:         0 kB
Swap:                  0 kB
KernelPageSize:        4 kB
MMUPageSize:           4 kB
Locked:                0 kB
VmFlags: rd ex mr mw me 
7fee95705000-7fee95904000 ---p 00007000 ca:00 251705                     /usr/local/rvm/rubies/ruby-2.1.0/lib/ruby/2.1.0/x86_64-linux/pathname.so
Size:               2044 kB
Rss:                   0 kB
Pss:                   0 kB
Shared_Clean:          0 kB
Shared_Dirty:          0 kB
Private_Clean:         0 kB
Private_Dirty:         0 kB
Referenced:            0 kB
Anonymous:             0 kB
AnonHugePages:         0 kB
Swap:                  0 kB
KernelPageSize:        4 kB
MMUPageSize:           4 kB
Locked:                0 kB
VmFlags: mr mw me 
7fee95904000-7fee95905000 rw-p 00006000 ca:00 251705                     /usr/local/rvm/rubies/ruby-2.1.0/lib/ruby/2.1.0/x86_64-linux/pathname.so
Size:                  4 kB
Rss:                   4 kB
Pss:                   4 kB
Shared_Clean:          0 kB
Shared_Dirty:          0 kB
Private_Clean:         0 kB
Private_Dirty:         4 kB
Referenced:            4 kB
Anonymous:             4 kB
AnonHugePages:         0 kB
Swap:                  0 kB
KernelPageSize:        4 kB
MMUPageSize:           4 kB
Locked:                0 kB
VmFlags: rd wr mr mw me ac 
7fee95905000-7fee95908000 r-xp 00000000 ca:00 251678                     /usr/local/rvm/rubies/ruby-2.1.0/lib/ruby/2.1.0/x86_64-linux/thread.so
Size:                 12 kB
Rss:                  12 kB
Pss:                   1 kB
Shared_Clean:         12 kB
Shared_Dirty:          0 kB
Private_Clean:         0 kB
Private_Dirty:         0 kB
Referenced:           12 kB
Anonymous:             0 kB
AnonHugePages:         0 kB
Swap:                  0 kB
KernelPageSize:        4 kB
MMUPageSize:           4 kB
Locked:                0 kB
VmFlags: rd ex mr mw me 
7fee95908000-7fee95b07000 ---p 00003000 ca:00 251678                     /usr/local/rvm/rubies/ruby-2.1.0/lib/ruby/2.1.0/x86_64-linux/thread.so
Size:               2044 kB
Rss:                   0 kB
Pss:                   0 kB
Shared_Clean:          0 kB
Shared_Dirty:          0 kB
Private_Clean:         0 kB
Private_Dirty:         0 kB
Referenced:            0 kB
Anonymous:             0 kB
AnonHugePages:         0 kB
Swap:                  0 kB
KernelPageSize:        4 kB
MMUPageSize:           4 kB
Locked:                0 kB
VmFlags: mr mw me 
7fee95b07000-7fee95b08000 rw-p 00002000 ca:00 251678                     /usr/local/rvm/rubies/ruby-2.1.0/lib/ruby/2.1.0/x86_64-linux/thread.so
Size:                  4 kB
Rss:                   4 kB
Pss:                   4 kB
Shared_Clean:          0 kB
Shared_Dirty:          0 kB
Private_Clean:         0 kB
Private_Dirty:         4 kB
Referenced:            4 kB
Anonymous:             4 kB
AnonHugePages:         0 kB
Swap:                  0 kB
KernelPageSize:        4 kB
MMUPageSize:           4 kB
Locked:                0 kB
VmFlags: rd wr mr mw me ac 
7fee95b08000-7fee95b0a000 r-xp 00000000 ca:00 251646                     /usr/local/rvm/rubies/ruby-2.1.0/lib/ruby/2.1.0/x86_64-linux/enc/trans/transdb.so
Size:                  8 kB
Rss:                   8 kB
Pss:                   0 kB
Shared_Clean:          8 kB
Shared_Dirty:          0 kB
Private_Clean:         0 kB
Private_Dirty:         0 kB
Referenced:            8 kB
Anonymous:             0 kB
AnonHugePages:         0 kB
Swap:                  0 kB
KernelPageSize:        4 kB
MMUPageSize:           4 kB
Locked:                0 kB
VmFlags: rd ex mr mw me 
7fee95b0a000-7fee95d0a000 ---p 00002000 ca:00 251646                     /usr/local/rvm/rubies/ruby-2.1.0/lib/ruby/2.1.0/x86_64-linux/enc/trans/transdb.so
Size:               2048 kB
Rss:                   0 kB
Pss:                   0 kB
Shared_Clean:          0 kB
Shared_Dirty:          0 kB
Private_Clean:         0 kB
Private_Dirty:         0 kB
Referenced:            0 kB
Anonymous:             0 kB
AnonHugePages:         0 kB
Swap:                  0 kB
KernelPageSize:        4 kB
MMUPageSize:           4 kB
Locked:                0 kB
VmFlags: mr mw me 
7fee95d0a000-7fee95d0b000 rw-p 00002000 ca:00 251646                     /usr/local/rvm/rubies/ruby-2.1.0/lib/ruby/2.1.0/x86_64-linux/enc/trans/transdb.so
Size:                  4 kB
Rss:                   4 kB
Pss:                   0 kB
Shared_Clean:          0 kB
Shared_Dirty:          4 kB
Private_Clean:         0 kB
Private_Dirty:         0 kB
Referenced:            4 kB
Anonymous:             4 kB
AnonHugePages:         0 kB
Swap:                  0 kB
KernelPageSize:        4 kB
MMUPageSize:           4 kB
Locked:                0 kB
VmFlags: rd wr mr mw me ac 
7fee95d0b000-7fee95d0d000 r-xp 00000000 ca:00 251618                     /usr/local/rvm/rubies/ruby-2.1.0/lib/ruby/2.1.0/x86_64-linux/enc/encdb.so
Size:                  8 kB
Rss:                   8 kB
Pss:                   1 kB
Shared_Clean:          8 kB
Shared_Dirty:          0 kB
Private_Clean:         0 kB
Private_Dirty:         0 kB
Referenced:            8 kB
Anonymous:             0 kB
AnonHugePages:         0 kB
Swap:                  0 kB
KernelPageSize:        4 kB
MMUPageSize:           4 kB
Locked:                0 kB
VmFlags: rd ex mr mw me 
7fee95d0d000-7fee95f0c000 ---p 00002000 ca:00 251618                     /usr/local/rvm/rubies/ruby-2.1.0/lib/ruby/2.1.0/x86_64-linux/enc/encdb.so
Size:               2044 kB
Rss:                   0 kB
Pss:                   0 kB
Shared_Clean:          0 kB
Shared_Dirty:          0 kB
Private_Clean:         0 kB
Private_Dirty:         0 kB
Referenced:            0 kB
Anonymous:             0 kB
AnonHugePages:         0 kB
Swap:                  0 kB
KernelPageSize:        4 kB
MMUPageSize:           4 kB
Locked:                0 kB
VmFlags: mr mw me 
7fee95f0c000-7fee95f0d000 rw-p 00001000 ca:00 251618                     /usr/local/rvm/rubies/ruby-2.1.0/lib/ruby/2.1.0/x86_64-linux/enc/encdb.so
Size:                  4 kB
Rss:                   4 kB
Pss:                   0 kB
Shared_Clean:          0 kB
Shared_Dirty:          4 kB
